[Type Error] Type mismatch during assignement at example/compilation/to-remove.txt:14:15.
  Cannot assign expression of type 'int' to array 'x[0].day' of type 'bool'.
  Please ensure the expression type is compatible with the array type.

Verbose mode enabled. Printing tables and ast...

+----------------------------+
| Lexeme Table: 14 entries   |
+------------+----------------------+------------+------------+
| Index      | Lexeme               | Length     | Next       |
+------------+----------------------+------------+------------+
| 0          | int                  | 3          | -1         |
| 1          | float                | 5          | -1         |
| 2          | bool                 | 4          | -1         |
| 3          | char                 | 4          | 4          |
+------------+----------------------+------------+------------+
| 4          | date                 | 4          | 5          |
| 5          | day                  | 3          | -1         |
| 6          | month                | 5          | -1         |
| 7          | year                 | 4          | 9          |
| 8          | tab                  | 3          | -1         |
| 9          | 1                    | 1          | -1         |
| 10         | 2                    | 1          | -1         |
| 11         | x                    | 1          | -1         |
| 12         | z                    | 1          | -1         |
| 13         | 0                    | 1          | -1         |
+------------+----------------------+------------+------------+

+--------------+
| Hash Table   |
+------------+----------------------+
| Hash       | Lexicographic Index  |
+------------+----------------------+
| 6          | 6                    |
| 11         | 0                    |
| 12         | 2                    |
| 16         | 13                   |
| 17         | 9                    |
| 18         | 10                   |
| 22         | 1                    |
| 23         | 8                    |
| 24         | 11                   |
| 26         | 12                   |
| 30         | 5                    |
+------------+----------------------+

+---------------------+
| Declaration Table   |
+------------+-----------------+------------+-----------------+-----------------+-----------------+
| Index      | Nature          | Suivant    | Région         | Description     | Exécution      |
+------------+-----------------+------------+-----------------+-----------------+-----------------+
| 0          | TYPE_BASE       | -1         | 0               | 0               | 1               |
| 1          | TYPE_BASE       | -1         | 0               | 1               | 1               |
| 2          | TYPE_BASE       | -1         | 0               | 2               | 1               |
| 3          | TYPE_BASE       | -1         | 0               | 3               | 1               |
+------------+-----------------+------------+-----------------+-----------------+-----------------+
| 4          | TYPE_STRUCT     | -1         | 0               | 0               | 3               |
| 8          | TYPE_ARRAY      | -1         | 0               | 10              | 6               |
| 11         | TYPE_VAR        | -1         | 0               | 8               | 0               |
| 12         | TYPE_VAR        | -1         | 0               | 0               | 6               |
+------------+-----------------+------------+-----------------+-----------------+-----------------+

+------------------------+
| Representation Table   |
+------------+----------------------+
| Index      | Value                |
+------------+----------------------+
| 0          | 3                    |
| 1          | 5                    |
| 2          | 2                    |
| 3          | 0                    |
| 4          | 6                    |
| 5          | 0                    |
| 6          | 1                    |
| 7          | 7                    |
| 8          | 1                    |
| 9          | 2                    |
| 10         | 4                    |
| 11         | 1                    |
| 12         | 1                    |
| 13         | 2                    |
+------------+----------------------+

+----------------+
| Region Table   |
+------------+------------+------------+------------+
| Index      | Size       | NIS        | AST        |
+------------+------------+------------+------------+
| 0          | 7          | 0          | -1         |
+------------+------------+------------+------------+

+----------------+
| Region 0 AST   |
+------------------------------------------------------------------------+
Root of the AST:
├── A_PROGRAM, Lexico Idx: -1, Decl Idx: -1
│   ├── A_DECLARATION_LIST, Lexico Idx: -1, Decl Idx: -1
│   │   ├── A_TYPE_STRUCT_DECLARATION, Lexico Idx: 4, Decl Idx: 4 -- Lexeme: 'date'
│   │   │   ├── A_STRUCT_FIELD_LIST, Lexico Idx: -1, Decl Idx: -1
│   │   │   │   ├── A_STRUCT_FIELD, Lexico Idx: 7, Decl Idx: 1 -- Lexeme: 'year'
│   │   │   │   └── A_STRUCT_FIELD, Lexico Idx: 6, Decl Idx: 0 -- Lexeme: 'month'
│   │   │   │   └── A_STRUCT_FIELD, Lexico Idx: 5, Decl Idx: 2 -- Lexeme: 'day'
│   │   └── A_TYPE_ARRAY_DECLARATION, Lexico Idx: 8, Decl Idx: 8 -- Lexeme: 'tab'
│   │   └── A_VARIABLE_DECLARATION, Lexico Idx: 11, Decl Idx: 11 -- Lexeme: 'x'
│   │   └── A_VARIABLE_DECLARATION, Lexico Idx: 12, Decl Idx: 12 -- Lexeme: 'z'
│   └── A_STATEMENT_LIST, Lexico Idx: -1, Decl Idx: -1
│   │   ├── A_ASSIGNMENT_STATEMENT, Lexico Idx: -1, Decl Idx: -1
│   │   │   ├── A_ARRAY_ASSIGNMENT, Lexico Idx: -1, Decl Idx: -1
│   │   │   │   ├── A_ARRAY_ACCESS, Lexico Idx: 11, Decl Idx: 11 -- Lexeme: 'x'
│   │   │   │   │   ├── A_ARRAY_INDEX_LIST, Lexico Idx: -1, Decl Idx: -1
│   │   │   │   │   │   ├── A_ARRAY_INDEX, Lexico Idx: -1, Decl Idx: -1
│   │   │   │   │   │   │   ├── A_INTEGER_LITERAL, Lexico Idx: 13, Decl Idx: -1 -- Lexeme: '0'
│   │   │   │   │   └── A_STRUCT_FIELD_ACCESS, Lexico Idx: 5, Decl Idx: -1 -- Lexeme: 'day'
│   │   │   │   └── A_INTEGER_LITERAL, Lexico Idx: 9, Decl Idx: -1 -- Lexeme: '1'
+------------------------------------------------------------------------+

