[Syntax Error] Unexpected token found: 'proc' at example/compilation/errors/syntax/reserved_token.txt:6:9.
	> This error is critical and will cause the program to terminate.
	> Exiting due to a syntax error.
