Verbose mode enabled. Printing tables and ast...

+----------------------------+
| Lexeme Table: 15 entries   |
+------------+----------------------+------------+------------+
| Index      | Lexeme               | Length     | Next       |
+------------+----------------------+------------+------------+
| 0          | int                  | 3          | -1         |
| 1          | float                | 5          | -1         |
| 2          | bool                 | 4          | -1         |
| 3          | char                 | 4          | -1         |
+------------+----------------------+------------+------------+
| 4          | n                    | 1          | -1         |
| 5          | result               | 6          | -1         |
| 6          | factorial            | 9          | -1         |
| 7          | num                  | 3          | -1         |
| 8          | res                  | 3          | -1         |
| 9          | 1                    | 1          | -1         |
| 10         | compute_and_display  | 19         | -1         |
| 11         | "Factorial of %d is %d" | 23         | -1         |
| 12         | main                 | 4          | -1         |
| 13         | "Enter a number to compute factorial: " | 39         | -1         |
| 14         | "%d"                 | 4          | -1         |
+------------+----------------------+------------+------------+

+--------------+
| Hash Table   |
+------------+----------------------+
| Hash       | Lexicographic Index  |
+------------+----------------------+
| 4          | 10                   |
| 5          | 12                   |
| 10         | 8                    |
| 11         | 0                    |
| 12         | 2                    |
| 13         | 14                   |
| 14         | 4                    |
| 16         | 7                    |
| 17         | 9                    |
| 21         | 6                    |
| 22         | 1                    |
| 27         | 13                   |
| 28         | 11                   |
| 30         | 3                    |
| 31         | 5                    |
+------------+----------------------+

+---------------------+
| Declaration Table   |
+------------+-----------------+------------+-----------------+-----------------+-----------------+
| Index      | Nature          | Suivant    | Région         | Description     | Exécution      |
+------------+-----------------+------------+-----------------+-----------------+-----------------+
| 0          | TYPE_BASE       | -1         | 0               | 0               | 1               |
| 1          | TYPE_BASE       | -1         | 0               | 1               | 1               |
| 2          | TYPE_BASE       | -1         | 0               | 2               | 1               |
| 3          | TYPE_BASE       | -1         | 0               | 3               | 1               |
+------------+-----------------+------------+-----------------+-----------------+-----------------+
| 4          | TYPE_VAR        | -1         | 0               | 0               | 0               |
| 5          | TYPE_VAR        | -1         | 0               | 0               | 1               |
| 6          | TYPE_FUNC       | -1         | 0               | 0               | 1               |
| 7          | TYPE_PARAM      | -1         | 1               | 0               | 2               |
| 8          | TYPE_VAR        | -1         | 1               | 0               | 3               |
| 10         | TYPE_PROC       | -1         | 0               | 4               | 2               |
| 12         | TYPE_PROC       | -1         | 0               | 5               | 3               |
+------------+-----------------+------------+-----------------+-----------------+-----------------+

+------------------------+
| Representation Table   |
+------------+----------------------+
| Index      | Value                |
+------------+----------------------+
| 0          | 0                    |
| 1          | 1                    |
| 2          | 7                    |
| 3          | 0                    |
| 4          | 0                    |
| 5          | 0                    |
+------------+----------------------+

+----------------+
| Region Table   |
+------------+------------+------------+------------+
| Index      | Size       | NIS        | AST        |
+------------+------------+------------+------------+
| 0          | 2          | 0          | -1         |
| 1          | 4          | 1          | -1         |
| 2          | 2          | 1          | -1         |
| 3          | 2          | 1          | -1         |
+------------+------------+------------+------------+

+----------------+
| Region 0 AST   |
+------------------------------------------------------------------------+
Root of the AST:
├── A_PROGRAM, Lexico Idx: -1, Decl Idx: -1
│   ├── A_DECLARATION_LIST, Lexico Idx: -1, Decl Idx: -1
│   │   ├── A_VARIABLE_DECLARATION, Lexico Idx: 4, Decl Idx: 4 -- Lexeme: 'n'
│   │   └── A_VARIABLE_DECLARATION, Lexico Idx: 5, Decl Idx: 5 -- Lexeme: 'result'
│   │   └── A_FUNCTION_DECLARATION, Lexico Idx: 6, Decl Idx: 6 -- Lexeme: 'factorial'
│   │   └── A_PROCEDURE_DECLARATION, Lexico Idx: 10, Decl Idx: 10 -- Lexeme: 'compute_and_display'
│   │   └── A_PROCEDURE_DECLARATION, Lexico Idx: 12, Decl Idx: 12 -- Lexeme: 'main'
│   └── A_STATEMENT_LIST, Lexico Idx: -1, Decl Idx: -1
│   │   ├── A_FUNC_PROC_CALL_STATEMENT, Lexico Idx: 12, Decl Idx: 12 -- Lexeme: 'main'
+------------------------------------------------------------------------+


+----------------+
| Region 1 AST   |
+------------------------------------------------------------------------+
Root of the AST:
├── A_FUNCTION_DECLARATION, Lexico Idx: 6, Decl Idx: 6 -- Lexeme: 'factorial'
│   ├── A_PARAMETER_LIST, Lexico Idx: -1, Decl Idx: -1
│   │   ├── A_PARAMETER, Lexico Idx: 7, Decl Idx: 7 -- Lexeme: 'num'
│   └── A_DECLARATION_LIST, Lexico Idx: -1, Decl Idx: -1
│   │   ├── A_VARIABLE_DECLARATION, Lexico Idx: 8, Decl Idx: 8 -- Lexeme: 'res'
│   └── A_STATEMENT_LIST, Lexico Idx: -1, Decl Idx: -1
│   │   ├── A_ASSIGNMENT_STATEMENT, Lexico Idx: -1, Decl Idx: -1
│   │   │   ├── A_VARIABLE_ASSIGNMENT, Lexico Idx: 8, Decl Idx: 8 -- Lexeme: 'res'
│   │   │   │   ├── A_INTEGER_LITERAL, Lexico Idx: 9, Decl Idx: -1 -- Lexeme: '1'
│   │   └── A_WHILE, Lexico Idx: -1, Decl Idx: -1
│   │   │   ├── A_CONDITION, Lexico Idx: -1, Decl Idx: -1
│   │   │   │   ├── A_GREATER_THAN_OP, Lexico Idx: -1, Decl Idx: -1
│   │   │   │   │   ├── A_IDENTIFIER, Lexico Idx: 7, Decl Idx: 7 -- Lexeme: 'num'
│   │   │   │   │   └── A_INTEGER_LITERAL, Lexico Idx: 9, Decl Idx: -1 -- Lexeme: '1'
│   │   │   └── A_STATEMENT_LIST, Lexico Idx: -1, Decl Idx: -1
│   │   │   │   ├── A_ASSIGNMENT_STATEMENT, Lexico Idx: -1, Decl Idx: -1
│   │   │   │   │   ├── A_VARIABLE_ASSIGNMENT, Lexico Idx: 8, Decl Idx: 8 -- Lexeme: 'res'
│   │   │   │   │   │   ├── A_MUL_OP, Lexico Idx: -1, Decl Idx: -1
│   │   │   │   │   │   │   ├── A_IDENTIFIER, Lexico Idx: 8, Decl Idx: 8 -- Lexeme: 'res'
│   │   │   │   │   │   │   └── A_IDENTIFIER, Lexico Idx: 7, Decl Idx: 7 -- Lexeme: 'num'
│   │   │   │   └── A_ASSIGNMENT_STATEMENT, Lexico Idx: -1, Decl Idx: -1
│   │   │   │   │   ├── A_VARIABLE_ASSIGNMENT, Lexico Idx: 7, Decl Idx: 7 -- Lexeme: 'num'
│   │   │   │   │   │   ├── A_SUB_OP, Lexico Idx: -1, Decl Idx: -1
│   │   │   │   │   │   │   ├── A_IDENTIFIER, Lexico Idx: 7, Decl Idx: 7 -- Lexeme: 'num'
│   │   │   │   │   │   │   └── A_INTEGER_LITERAL, Lexico Idx: 9, Decl Idx: -1 -- Lexeme: '1'
│   └── A_RETURN_STATEMENT, Lexico Idx: -1, Decl Idx: -1
│   │   ├── A_IDENTIFIER, Lexico Idx: 8, Decl Idx: 8 -- Lexeme: 'res'
+------------------------------------------------------------------------+


+----------------+
| Region 2 AST   |
+------------------------------------------------------------------------+
Root of the AST:
├── A_PROCEDURE_DECLARATION, Lexico Idx: 10, Decl Idx: 10 -- Lexeme: 'compute_and_display'
│   ├── A_STATEMENT_LIST, Lexico Idx: -1, Decl Idx: -1
│   │   ├── A_ASSIGNMENT_STATEMENT, Lexico Idx: -1, Decl Idx: -1
│   │   │   ├── A_VARIABLE_ASSIGNMENT, Lexico Idx: 5, Decl Idx: 5 -- Lexeme: 'result'
│   │   │   │   ├── A_FUNC_PROC_CALL_STATEMENT, Lexico Idx: 6, Decl Idx: 6 -- Lexeme: 'factorial'
│   │   │   │   │   ├── A_ARGUMENT_LIST, Lexico Idx: -1, Decl Idx: -1
│   │   │   │   │   │   ├── A_ARGUMENT, Lexico Idx: -1, Decl Idx: -1
│   │   │   │   │   │   │   ├── A_IDENTIFIER, Lexico Idx: 4, Decl Idx: 4 -- Lexeme: 'n'
│   │   └── A_PRINT_STATEMENT, Lexico Idx: -1, Decl Idx: -1
│   │   │   ├── A_ARGUMENT_LIST, Lexico Idx: -1, Decl Idx: -1
│   │   │   │   ├── A_ARGUMENT, Lexico Idx: -1, Decl Idx: -1
│   │   │   │   │   ├── A_IDENTIFIER, Lexico Idx: 4, Decl Idx: 4 -- Lexeme: 'n'
│   │   │   │   └── A_ARGUMENT, Lexico Idx: -1, Decl Idx: -1
│   │   │   │   │   ├── A_IDENTIFIER, Lexico Idx: 5, Decl Idx: 5 -- Lexeme: 'result'
│   │   │   └── A_FORMAT_STRING, Lexico Idx: 11, Decl Idx: -1 -- Lexeme: '"Factorial of %d is %d"'
+------------------------------------------------------------------------+


+----------------+
| Region 3 AST   |
+------------------------------------------------------------------------+
Root of the AST:
├── A_PROCEDURE_DECLARATION, Lexico Idx: 12, Decl Idx: 12 -- Lexeme: 'main'
│   ├── A_STATEMENT_LIST, Lexico Idx: -1, Decl Idx: -1
│   │   ├── A_PRINT_STATEMENT, Lexico Idx: -1, Decl Idx: -1
│   │   │   ├── A_FORMAT_STRING, Lexico Idx: 13, Decl Idx: -1 -- Lexeme: '"Enter a number to compute factorial: "'
│   │   └── A_INPUT_STATEMENT, Lexico Idx: -1, Decl Idx: -1
│   │   │   ├── A_INPUT_STATEMENT, Lexico Idx: -1, Decl Idx: -1
│   │   │   │   ├── A_ARGUMENT_LIST, Lexico Idx: -1, Decl Idx: -1
│   │   │   │   │   ├── A_ARGUMENT, Lexico Idx: -1, Decl Idx: -1
│   │   │   │   │   │   ├── A_IDENTIFIER, Lexico Idx: 4, Decl Idx: 4 -- Lexeme: 'n'
│   │   │   │   └── A_FORMAT_STRING, Lexico Idx: 14, Decl Idx: -1 -- Lexeme: '"%d"'
│   │   └── A_FUNC_PROC_CALL_STATEMENT, Lexico Idx: 10, Decl Idx: 10 -- Lexeme: 'compute_and_display'
+------------------------------------------------------------------------+

