Verbose mode enabled. Printing tables and ast...

+----------------------------+
| Lexeme Table: 12 entries   |
+------------+----------------------+------------+------------+
| Index      | Lexeme               | Length     | Next       |
+------------+----------------------+------------+------------+
| 0          | int                  | 3          | -1         |
| 1          | float                | 5          | -1         |
| 2          | bool                 | 4          | -1         |
| 3          | char                 | 4          | -1         |
+------------+----------------------+------------+------------+
| 4          | aab                  | 3          | 5          |
| 5          | baa                  | 3          | 6          |
| 6          | aba                  | 3          | -1         |
| 7          | a                    | 1          | -1         |
| 8          | fois_deux            | 9          | -1         |
| 9          | 2                    | 1          | -1         |
| 10         | divise_par_deux      | 15         | -1         |
| 11         | g                    | 1          | -1         |
+------------+----------------------+------------+------------+

+--------------+
| Hash Table   |
+------------+----------------------+
| Hash       | Lexicographic Index  |
+------------+----------------------+
| 1          | 7                    |
| 4          | 6                    |
| 6          | 8                    |
| 7          | 11                   |
| 11         | 0                    |
| 12         | 2                    |
| 18         | 9                    |
| 22         | 1                    |
| 27         | 10                   |
| 30         | 3                    |
+------------+----------------------+

+---------------------+
| Declaration Table   |
+------------+-----------------+------------+-----------------+-----------------+-----------------+
| Index      | Nature          | Suivant    | Région         | Description     | Exécution      |
+------------+-----------------+------------+-----------------+-----------------+-----------------+
| 0          | TYPE_BASE       | -1         | 0               | 0               | 1               |
| 1          | TYPE_BASE       | -1         | 0               | 1               | 1               |
| 2          | TYPE_BASE       | -1         | 0               | 2               | 1               |
| 3          | TYPE_BASE       | -1         | 0               | 3               | 1               |
+------------+-----------------+------------+-----------------+-----------------+-----------------+
| 4          | TYPE_VAR        | -1         | 0               | 0               | 0               |
| 5          | TYPE_VAR        | -1         | 0               | 0               | 1               |
| 6          | TYPE_VAR        | -1         | 0               | 0               | 2               |
| 7          | TYPE_VAR        | 500        | 0               | 0               | 3               |
| 8          | TYPE_FUNC       | -1         | 0               | 0               | 1               |
| 10         | TYPE_FUNC       | -1         | 0               | 4               | 2               |
| 11         | TYPE_PARAM      | -1         | 2               | 0               | 2               |
+------------+-----------------+------------+-----------------+-----------------+-----------------+
+------------+-----------------+------------+-----------------+-----------------+-----------------+
| 500        | TYPE_PARAM      | -1         | 1               | 0               | 2               |
+------------+-----------------+------------+-----------------+-----------------+-----------------+

+------------------------+
| Representation Table   |
+------------+----------------------+
| Index      | Value                |
+------------+----------------------+
| 0          | 0                    |
| 1          | 1                    |
| 2          | 7                    |
| 3          | 0                    |
| 4          | 0                    |
| 5          | 1                    |
| 6          | 11                   |
| 7          | 0                    |
+------------+----------------------+

+----------------+
| Region Table   |
+------------+------------+------------+------------+
| Index      | Size       | NIS        | AST        |
+------------+------------+------------+------------+
| 0          | 4          | 0          | -1         |
| 1          | 3          | 1          | -1         |
| 2          | 3          | 1          | -1         |
+------------+------------+------------+------------+

+----------------+
| Region 0 AST   |
+------------------------------------------------------------------------+
Root of the AST:
├── A_PROGRAM, Lexico Idx: -1, Decl Idx: -1
│   ├── A_DECLARATION_LIST, Lexico Idx: -1, Decl Idx: -1
│   │   ├── A_VARIABLE_DECLARATION, Lexico Idx: 4, Decl Idx: 4 -- Lexeme: 'aab'
│   │   └── A_VARIABLE_DECLARATION, Lexico Idx: 5, Decl Idx: 5 -- Lexeme: 'baa'
│   │   └── A_VARIABLE_DECLARATION, Lexico Idx: 6, Decl Idx: 6 -- Lexeme: 'aba'
│   │   └── A_VARIABLE_DECLARATION, Lexico Idx: 7, Decl Idx: 7 -- Lexeme: 'a'
│   │   └── A_FUNCTION_DECLARATION, Lexico Idx: 8, Decl Idx: 8 -- Lexeme: 'fois_deux'
│   │   └── A_FUNCTION_DECLARATION, Lexico Idx: 10, Decl Idx: 10 -- Lexeme: 'divise_par_deux'
│   └── A_STATEMENT_LIST, Lexico Idx: -1, Decl Idx: -1
│   │   ├── A_ASSIGNMENT_STATEMENT, Lexico Idx: -1, Decl Idx: -1
│   │   │   ├── A_VARIABLE_ASSIGNMENT, Lexico Idx: 7, Decl Idx: 7 -- Lexeme: 'a'
│   │   │   │   ├── A_INTEGER_LITERAL, Lexico Idx: 9, Decl Idx: -1 -- Lexeme: '2'
│   │   └── A_ASSIGNMENT_STATEMENT, Lexico Idx: -1, Decl Idx: -1
│   │   │   ├── A_VARIABLE_ASSIGNMENT, Lexico Idx: 7, Decl Idx: 7 -- Lexeme: 'a'
│   │   │   │   ├── A_ADD_OP, Lexico Idx: -1, Decl Idx: -1
│   │   │   │   │   ├── A_FUNC_PROC_CALL_STATEMENT, Lexico Idx: 8, Decl Idx: 8 -- Lexeme: 'fois_deux'
│   │   │   │   │   │   ├── A_ARGUMENT_LIST, Lexico Idx: -1, Decl Idx: -1
│   │   │   │   │   │   │   ├── A_ARGUMENT, Lexico Idx: -1, Decl Idx: -1
│   │   │   │   │   │   │   │   ├── A_IDENTIFIER, Lexico Idx: 7, Decl Idx: 7 -- Lexeme: 'a'
│   │   │   │   │   └── A_FUNC_PROC_CALL_STATEMENT, Lexico Idx: 10, Decl Idx: 10 -- Lexeme: 'divise_par_deux'
│   │   │   │   │   │   ├── A_ARGUMENT_LIST, Lexico Idx: -1, Decl Idx: -1
│   │   │   │   │   │   │   ├── A_ARGUMENT, Lexico Idx: -1, Decl Idx: -1
│   │   │   │   │   │   │   │   ├── A_IDENTIFIER, Lexico Idx: 7, Decl Idx: 7 -- Lexeme: 'a'
+------------------------------------------------------------------------+


+----------------+
| Region 1 AST   |
+------------------------------------------------------------------------+
Root of the AST:
├── A_FUNCTION_DECLARATION, Lexico Idx: 8, Decl Idx: 8 -- Lexeme: 'fois_deux'
│   ├── A_PARAMETER_LIST, Lexico Idx: -1, Decl Idx: -1
│   │   ├── A_PARAMETER, Lexico Idx: 7, Decl Idx: 500 -- Lexeme: 'a'
│   └── A_STATEMENT_LIST, Lexico Idx: -1, Decl Idx: -1
│   │   ├── A_ASSIGNMENT_STATEMENT, Lexico Idx: -1, Decl Idx: -1
│   │   │   ├── A_VARIABLE_ASSIGNMENT, Lexico Idx: 7, Decl Idx: 500 -- Lexeme: 'a'
│   │   │   │   ├── A_MUL_OP, Lexico Idx: -1, Decl Idx: -1
│   │   │   │   │   ├── A_IDENTIFIER, Lexico Idx: 7, Decl Idx: 500 -- Lexeme: 'a'
│   │   │   │   │   └── A_INTEGER_LITERAL, Lexico Idx: 9, Decl Idx: -1 -- Lexeme: '2'
│   └── A_RETURN_STATEMENT, Lexico Idx: -1, Decl Idx: -1
│   │   ├── A_IDENTIFIER, Lexico Idx: 7, Decl Idx: 500 -- Lexeme: 'a'
+------------------------------------------------------------------------+


+----------------+
| Region 2 AST   |
+------------------------------------------------------------------------+
Root of the AST:
├── A_FUNCTION_DECLARATION, Lexico Idx: 10, Decl Idx: 10 -- Lexeme: 'divise_par_deux'
│   ├── A_PARAMETER_LIST, Lexico Idx: -1, Decl Idx: -1
│   │   ├── A_PARAMETER, Lexico Idx: 11, Decl Idx: 11 -- Lexeme: 'g'
│   └── A_STATEMENT_LIST, Lexico Idx: -1, Decl Idx: -1
│   │   ├── A_ASSIGNMENT_STATEMENT, Lexico Idx: -1, Decl Idx: -1
│   │   │   ├── A_VARIABLE_ASSIGNMENT, Lexico Idx: 11, Decl Idx: 11 -- Lexeme: 'g'
│   │   │   │   ├── A_DIV_OP, Lexico Idx: -1, Decl Idx: -1
│   │   │   │   │   ├── A_IDENTIFIER, Lexico Idx: 11, Decl Idx: 11 -- Lexeme: 'g'
│   │   │   │   │   └── A_INTEGER_LITERAL, Lexico Idx: 9, Decl Idx: -1 -- Lexeme: '2'
│   └── A_RETURN_STATEMENT, Lexico Idx: -1, Decl Idx: -1
│   │   ├── A_IDENTIFIER, Lexico Idx: 11, Decl Idx: 11 -- Lexeme: 'g'
+------------------------------------------------------------------------+

