[Type Error] Type mismatch during assignement at example/compilation/to-clean/to-remove.txt:12:14.
  Cannot assign expression of type 'float' to variable 'x' of type 'int'.
  Ensure that the expression type matches the expected type for the variable.

[Semantic Warning] Redefinition of variable 'x' at example/compilation/to-clean/to-remove.txt:11:17.
  This variable has already been defined in the current scope.
  Consider renaming or modifying the existing definition.

Verbose mode enabled. Printing tables and ast...

+----------------------------+
| Lexeme Table: 10 entries   |
+------------+----------------------+------------+------------+
| Index      | Lexeme               | Length     | Next       |
+------------+----------------------+------------+------------+
| 0          | int                  | 3          | -1         |
| 1          | float                | 5          | -1         |
| 2          | bool                 | 4          | -1         |
| 3          | char                 | 4          | -1         |
+------------+----------------------+------------+------------+
| 4          | x                    | 1          | -1         |
| 5          | a                    | 1          | -1         |
| 6          | b                    | 1          | -1         |
| 7          | main                 | 4          | -1         |
| 8          | 1.0                  | 3          | -1         |
| 9          | 0                    | 1          | -1         |
+------------+----------------------+------------+------------+

+--------------+
| Hash Table   |
+------------+----------------------+
| Hash       | Lexicographic Index  |
+------------+----------------------+
| 1          | 5                    |
| 2          | 6                    |
| 5          | 7                    |
| 11         | 0                    |
| 12         | 2                    |
| 15         | 8                    |
| 16         | 9                    |
| 22         | 1                    |
| 24         | 4                    |
| 30         | 3                    |
+------------+----------------------+

+---------------------+
| Declaration Table   |
+------------+-----------------+------------+-----------------+-----------------+-----------------+
| Index      | Nature          | Suivant    | Région         | Description     | Exécution      |
+------------+-----------------+------------+-----------------+-----------------+-----------------+
| 0          | TYPE_BASE       | -1         | 0               | 0               | 1               |
| 1          | TYPE_BASE       | -1         | 0               | 1               | 1               |
| 2          | TYPE_BASE       | -1         | 0               | 2               | 1               |
| 3          | TYPE_BASE       | -1         | 0               | 3               | 1               |
+------------+-----------------+------------+-----------------+-----------------+-----------------+
| 4          | TYPE_STRUCT     | 500        | 0               | 0               | 2               |
| 5          | TYPE_PARAM      | -1         | 1               | 1               | 2               |
| 7          | TYPE_FUNC       | -1         | 0               | 7               | 1               |
+------------+-----------------+------------+-----------------+-----------------+-----------------+
+------------+-----------------+------------+-----------------+-----------------+-----------------+
| 500        | TYPE_VAR        | 501        | 0               | 0               | 0               |
| 501        | TYPE_VAR        | -1         | 1               | 0               | 3               |
+------------+-----------------+------------+-----------------+-----------------+-----------------+

+------------------------+
| Representation Table   |
+------------+----------------------+
| Index      | Value                |
+------------+----------------------+
| 0          | 2                    |
| 1          | 5                    |
| 2          | 0                    |
| 3          | 0                    |
| 4          | 6                    |
| 5          | 1                    |
| 6          | 1                    |
| 7          | 0                    |
| 8          | 1                    |
| 9          | 5                    |
| 10         | 1                    |
+------------+----------------------+

+----------------+
| Region Table   |
+------------+------------+------------+------------+
| Index      | Size       | NIS        | AST        |
+------------+------------+------------+------------+
| 0          | 1          | 0          | -1         |
| 1          | 4          | 1          | -1         |
+------------+------------+------------+------------+

+----------------+
| Region 0 AST   |
+------------------------------------------------------------------------+
Root of the AST:
├── A_PROGRAM, Lexico Idx: -1, Decl Idx: -1
│   ├── A_DECLARATION_LIST, Lexico Idx: -1, Decl Idx: -1
│   │   ├── A_TYPE_STRUCT_DECLARATION, Lexico Idx: 4, Decl Idx: 4 -- Lexeme: 'x'
│   │   │   ├── A_STRUCT_FIELD_LIST, Lexico Idx: -1, Decl Idx: -1
│   │   │   │   ├── A_STRUCT_FIELD, Lexico Idx: 6, Decl Idx: 1 -- Lexeme: 'b'
│   │   │   │   └── A_STRUCT_FIELD, Lexico Idx: 5, Decl Idx: 0 -- Lexeme: 'a'
│   │   └── A_VARIABLE_DECLARATION, Lexico Idx: 4, Decl Idx: 500 -- Lexeme: 'x'
│   │   └── A_FUNCTION_DECLARATION, Lexico Idx: 7, Decl Idx: 7 -- Lexeme: 'main'
+------------------------------------------------------------------------+


+----------------+
| Region 1 AST   |
+------------------------------------------------------------------------+
Root of the AST:
├── A_FUNCTION_DECLARATION, Lexico Idx: 7, Decl Idx: 7 -- Lexeme: 'main'
│   ├── A_PARAMETER_LIST, Lexico Idx: -1, Decl Idx: -1
│   │   ├── A_PARAMETER, Lexico Idx: 5, Decl Idx: 5 -- Lexeme: 'a'
│   └── A_DECLARATION_LIST, Lexico Idx: -1, Decl Idx: -1
│   │   ├── A_VARIABLE_DECLARATION, Lexico Idx: 4, Decl Idx: 501 -- Lexeme: 'x'
│   └── A_STATEMENT_LIST, Lexico Idx: -1, Decl Idx: -1
│   │   ├── A_ASSIGNMENT_STATEMENT, Lexico Idx: -1, Decl Idx: -1
│   │   │   ├── A_VARIABLE_ASSIGNMENT, Lexico Idx: 4, Decl Idx: 501 -- Lexeme: 'x'
│   │   │   │   ├── A_FLOAT_LITERAL, Lexico Idx: 8, Decl Idx: -1 -- Lexeme: '1.0'
│   └── A_RETURN_STATEMENT, Lexico Idx: -1, Decl Idx: -1
│   │   ├── A_INTEGER_LITERAL, Lexico Idx: 9, Decl Idx: -1 -- Lexeme: '0'
+------------------------------------------------------------------------+

