Verbose mode enabled. Printing tables and ast...

+----------------------------+
| Lexeme Table: 11 entries   |
+------------+----------------------+------------+------------+
| Index      | Lexeme               | Length     | Next       |
+------------+----------------------+------------+------------+
| 0          | int                  | 3          | -1         |
| 1          | float                | 5          | -1         |
| 2          | bool                 | 4          | -1         |
| 3          | char                 | 4          | -1         |
+------------+----------------------+------------+------------+
| 4          | mul                  | 3          | -1         |
| 5          | i                    | 1          | -1         |
| 6          | j                    | 1          | -1         |
| 7          | main                 | 4          | -1         |
| 8          | a                    | 1          | -1         |
| 9          | 4                    | 1          | -1         |
| 10         | 5                    | 1          | -1         |
+------------+----------------------+------------+------------+

+--------------+
| Hash Table   |
+------------+----------------------+
| Hash       | Lexicographic Index  |
+------------+----------------------+
| 1          | 8                    |
| 5          | 7                    |
| 9          | 5                    |
| 10         | 6                    |
| 11         | 0                    |
| 12         | 2                    |
| 14         | 4                    |
| 20         | 9                    |
| 21         | 10                   |
| 22         | 1                    |
| 30         | 3                    |
+------------+----------------------+

+---------------------+
| Declaration Table   |
+------------+-----------------+------------+-----------------+-----------------+-----------------+
| Index      | Nature          | Suivant    | Région         | Description     | Exécution      |
+------------+-----------------+------------+-----------------+-----------------+-----------------+
| 0          | TYPE_BASE       | -1         | 0               | 0               | 1               |
| 1          | TYPE_BASE       | -1         | 0               | 1               | 1               |
| 2          | TYPE_BASE       | -1         | 0               | 2               | 1               |
| 3          | TYPE_BASE       | -1         | 0               | 3               | 1               |
+------------+-----------------+------------+-----------------+-----------------+-----------------+
| 4          | TYPE_FUNC       | -1         | 0               | 0               | 1               |
| 5          | TYPE_PARAM      | -1         | 1               | 0               | 2               |
| 6          | TYPE_PARAM      | -1         | 1               | 0               | 3               |
| 7          | TYPE_FUNC       | -1         | 0               | 6               | 2               |
| 8          | TYPE_PARAM      | -1         | 2               | 0               | 2               |
+------------+-----------------+------------+-----------------+-----------------+-----------------+

+------------------------+
| Representation Table   |
+------------+----------------------+
| Index      | Value                |
+------------+----------------------+
| 0          | 0                    |
| 1          | 2                    |
| 2          | 5                    |
| 3          | 0                    |
| 4          | 6                    |
| 5          | 0                    |
| 6          | 0                    |
| 7          | 1                    |
| 8          | 8                    |
| 9          | 0                    |
+------------+----------------------+

+----------------+
| Region Table   |
+------------+------------+------------+------------+
| Index      | Size       | NIS        | AST        |
+------------+------------+------------+------------+
| 0          | 0          | 0          | -1         |
| 1          | 4          | 1          | -1         |
| 2          | 3          | 1          | -1         |
+------------+------------+------------+------------+

+----------------+
| Region 0 AST   |
+------------------------------------------------------------------------+
Root of the AST:
├── A_PROGRAM, Lexico Idx: -1, Decl Idx: -1
│   ├── A_DECLARATION_LIST, Lexico Idx: -1, Decl Idx: -1
│   │   ├── A_FUNCTION_DECLARATION, Lexico Idx: 4, Decl Idx: 4 -- Lexeme: 'mul'
│   │   └── A_FUNCTION_DECLARATION, Lexico Idx: 7, Decl Idx: 7 -- Lexeme: 'main'
│   └── A_STATEMENT_LIST, Lexico Idx: -1, Decl Idx: -1
│   │   ├── A_FUNC_PROC_CALL_STATEMENT, Lexico Idx: 7, Decl Idx: 7 -- Lexeme: 'main'
│   │   │   ├── A_ARGUMENT_LIST, Lexico Idx: -1, Decl Idx: -1
│   │   │   │   ├── A_ARGUMENT, Lexico Idx: -1, Decl Idx: -1
│   │   │   │   │   ├── A_INTEGER_LITERAL, Lexico Idx: 10, Decl Idx: -1 -- Lexeme: '5'
+------------------------------------------------------------------------+


+----------------+
| Region 1 AST   |
+------------------------------------------------------------------------+
Root of the AST:
├── A_FUNCTION_DECLARATION, Lexico Idx: 4, Decl Idx: 4 -- Lexeme: 'mul'
│   ├── A_PARAMETER_LIST, Lexico Idx: -1, Decl Idx: -1
│   │   ├── A_PARAMETER, Lexico Idx: 5, Decl Idx: 5 -- Lexeme: 'i'
│   │   └── A_PARAMETER, Lexico Idx: 6, Decl Idx: 6 -- Lexeme: 'j'
│   └── A_RETURN_STATEMENT, Lexico Idx: -1, Decl Idx: -1
│   │   ├── A_MUL_OP, Lexico Idx: -1, Decl Idx: -1
│   │   │   ├── A_IDENTIFIER, Lexico Idx: 5, Decl Idx: 5 -- Lexeme: 'i'
│   │   │   └── A_IDENTIFIER, Lexico Idx: 6, Decl Idx: 6 -- Lexeme: 'j'
+------------------------------------------------------------------------+


+----------------+
| Region 2 AST   |
+------------------------------------------------------------------------+
Root of the AST:
├── A_FUNCTION_DECLARATION, Lexico Idx: 7, Decl Idx: 7 -- Lexeme: 'main'
│   ├── A_PARAMETER_LIST, Lexico Idx: -1, Decl Idx: -1
│   │   ├── A_PARAMETER, Lexico Idx: 8, Decl Idx: 8 -- Lexeme: 'a'
│   └── A_RETURN_STATEMENT, Lexico Idx: -1, Decl Idx: -1
│   │   ├── A_FUNC_PROC_CALL_STATEMENT, Lexico Idx: 4, Decl Idx: 4 -- Lexeme: 'mul'
│   │   │   ├── A_ARGUMENT_LIST, Lexico Idx: -1, Decl Idx: -1
│   │   │   │   ├── A_ARGUMENT, Lexico Idx: -1, Decl Idx: -1
│   │   │   │   │   ├── A_IDENTIFIER, Lexico Idx: 8, Decl Idx: 8 -- Lexeme: 'a'
│   │   │   │   └── A_ARGUMENT, Lexico Idx: -1, Decl Idx: -1
│   │   │   │   │   ├── A_INTEGER_LITERAL, Lexico Idx: 9, Decl Idx: -1 -- Lexeme: '4'
+------------------------------------------------------------------------+

