Verbose mode enabled. Printing tables and ast...

+----------------------------+
| Lexeme Table: 14 entries   |
+------------+----------------------+------------+------------+
| Index      | Lexeme               | Length     | Next       |
+------------+----------------------+------------+------------+
| 0          | int                  | 3          | -1         |
| 1          | float                | 5          | -1         |
| 2          | bool                 | 4          | -1         |
| 3          | char                 | 4          | -1         |
+------------+----------------------+------------+------------+
| 4          | x                    | 1          | -1         |
| 5          | 0                    | 1          | -1         |
| 6          | ch1                  | 3          | -1         |
| 7          | ch2                  | 3          | -1         |
| 8          | p1                   | 2          | 9          |
| 9          | a                    | 1          | -1         |
| 10         | b                    | 1          | -1         |
| 11         | p4                   | 2          | -1         |
| 12         | z                    | 1          | -1         |
| 13         | 3                    | 1          | -1         |
+------------+----------------------+------------+------------+

+--------------+
| Hash Table   |
+------------+----------------------+
| Hash       | Lexicographic Index  |
+------------+----------------------+
| 1          | 9                    |
| 2          | 10                   |
| 4          | 11                   |
| 11         | 0                    |
| 12         | 2                    |
| 16         | 5                    |
| 19         | 13                   |
| 22         | 1                    |
| 24         | 4                    |
| 26         | 12                   |
| 28         | 6                    |
| 29         | 7                    |
| 30         | 3                    |
+------------+----------------------+

+---------------------+
| Declaration Table   |
+------------+-----------------+------------+-----------------+-----------------+-----------------+
| Index      | Nature          | Suivant    | Région         | Description     | Exécution      |
+------------+-----------------+------------+-----------------+-----------------+-----------------+
| 0          | TYPE_BASE       | -1         | 0               | 0               | 1               |
| 1          | TYPE_BASE       | -1         | 0               | 1               | 1               |
| 2          | TYPE_BASE       | -1         | 0               | 2               | 1               |
| 3          | TYPE_BASE       | -1         | 0               | 3               | 1               |
+------------+-----------------+------------+-----------------+-----------------+-----------------+
| 4          | TYPE_VAR        | 500        | 0               | 0               | 0               |
| 8          | TYPE_PROC       | -1         | 0               | 9               | 2               |
| 9          | TYPE_PARAM      | -1         | 2               | 0               | 2               |
| 10         | TYPE_PARAM      | -1         | 2               | 0               | 3               |
| 11         | TYPE_PROC       | -1         | 2               | 14              | 3               |
| 12         | TYPE_VAR        | -1         | 3               | 501             | 3               |
+------------+-----------------+------------+-----------------+-----------------+-----------------+
+------------+-----------------+------------+-----------------+-----------------+-----------------+
| 500        | TYPE_FUNC       | 501        | 0               | 0               | 1               |
| 501        | TYPE_STRUCT     | -1         | 0               | 2               | 2               |
+------------+-----------------+------------+-----------------+-----------------+-----------------+

+------------------------+
| Representation Table   |
+------------+----------------------+
| Index      | Value                |
+------------+----------------------+
| 0          | 0                    |
| 1          | 0                    |
| 2          | 2                    |
| 3          | 6                    |
| 4          | 0                    |
| 5          | 0                    |
| 6          | 7                    |
| 7          | 0                    |
| 8          | 1                    |
| 9          | 2                    |
| 10         | 9                    |
| 11         | 0                    |
| 12         | 10                   |
| 13         | 0                    |
| 14         | 0                    |
+------------+----------------------+

+----------------+
| Region Table   |
+------------+------------+------------+------------+
| Index      | Size       | NIS        | AST        |
+------------+------------+------------+------------+
| 0          | 1          | 0          | -1         |
| 1          | 2          | 1          | -1         |
| 2          | 4          | 1          | -1         |
| 3          | 5          | 2          | -1         |
+------------+------------+------------+------------+

+----------------+
| Region 0 AST   |
+------------------------------------------------------------------------+
Root of the AST:
├── A_PROGRAM, Lexico Idx: -1, Decl Idx: -1
│   ├── A_DECLARATION_LIST, Lexico Idx: -1, Decl Idx: -1
│   │   ├── A_VARIABLE_DECLARATION, Lexico Idx: 4, Decl Idx: 4 -- Lexeme: 'x'
│   │   └── A_FUNCTION_DECLARATION, Lexico Idx: 4, Decl Idx: 500 -- Lexeme: 'x'
│   │   └── A_TYPE_STRUCT_DECLARATION, Lexico Idx: 4, Decl Idx: 501 -- Lexeme: 'x'
│   │   │   ├── A_STRUCT_FIELD_LIST, Lexico Idx: -1, Decl Idx: -1
│   │   │   │   ├── A_STRUCT_FIELD, Lexico Idx: 7, Decl Idx: 0 -- Lexeme: 'ch2'
│   │   │   │   └── A_STRUCT_FIELD, Lexico Idx: 6, Decl Idx: 0 -- Lexeme: 'ch1'
│   │   └── A_PROCEDURE_DECLARATION, Lexico Idx: 8, Decl Idx: 8 -- Lexeme: 'p1'
+------------------------------------------------------------------------+


+----------------+
| Region 1 AST   |
+------------------------------------------------------------------------+
Root of the AST:
├── A_FUNCTION_DECLARATION, Lexico Idx: 4, Decl Idx: 500 -- Lexeme: 'x'
│   ├── A_RETURN_STATEMENT, Lexico Idx: -1, Decl Idx: -1
│   │   ├── A_INTEGER_LITERAL, Lexico Idx: 5, Decl Idx: -1 -- Lexeme: '0'
+------------------------------------------------------------------------+


+----------------+
| Region 2 AST   |
+------------------------------------------------------------------------+
Root of the AST:
├── A_PROCEDURE_DECLARATION, Lexico Idx: 8, Decl Idx: 8 -- Lexeme: 'p1'
│   ├── A_PARAMETER_LIST, Lexico Idx: -1, Decl Idx: -1
│   │   ├── A_PARAMETER, Lexico Idx: 9, Decl Idx: 9 -- Lexeme: 'a'
│   │   └── A_PARAMETER, Lexico Idx: 10, Decl Idx: 10 -- Lexeme: 'b'
│   └── A_DECLARATION_LIST, Lexico Idx: -1, Decl Idx: -1
│   │   ├── A_PROCEDURE_DECLARATION, Lexico Idx: 11, Decl Idx: 11 -- Lexeme: 'p4'
+------------------------------------------------------------------------+


+----------------+
| Region 3 AST   |
+------------------------------------------------------------------------+
Root of the AST:
├── A_PROCEDURE_DECLARATION, Lexico Idx: 11, Decl Idx: 11 -- Lexeme: 'p4'
│   ├── A_DECLARATION_LIST, Lexico Idx: -1, Decl Idx: -1
│   │   ├── A_VARIABLE_DECLARATION, Lexico Idx: 12, Decl Idx: 12 -- Lexeme: 'z'
│   └── A_STATEMENT_LIST, Lexico Idx: -1, Decl Idx: -1
│   │   ├── A_ASSIGNMENT_STATEMENT, Lexico Idx: -1, Decl Idx: -1
│   │   │   ├── A_STRUCT_ASSIGNMENT, Lexico Idx: -1, Decl Idx: -1
│   │   │   │   ├── A_STRUCT_FIELD_ACCESS, Lexico Idx: 12, Decl Idx: 12 -- Lexeme: 'z'
│   │   │   │   │   ├── A_STRUCT_FIELD_ACCESS, Lexico Idx: 6, Decl Idx: -1 -- Lexeme: 'ch1'
│   │   │   │   └── A_INTEGER_LITERAL, Lexico Idx: 13, Decl Idx: -1 -- Lexeme: '3'
+------------------------------------------------------------------------+

