Verbose mode enabled. Printing tables and ast...

+----------------------------+
| Lexeme Table: 21 entries   |
+------------+----------------------+------------+------------+
| Index      | Lexeme               | Length     | Next       |
+------------+----------------------+------------+------------+
| 0          | int                  | 3          | -1         |
| 1          | float                | 5          | -1         |
| 2          | bool                 | 4          | -1         |
| 3          | char                 | 4          | -1         |
+------------+----------------------+------------+------------+
| 4          | a                    | 1          | -1         |
| 5          | 0                    | 1          | -1         |
| 6          | zero                 | 4          | 8          |
| 7          | x                    | 1          | -1         |
| 8          | test                 | 4          | -1         |
| 9          | param                | 5          | -1         |
| 10         | monvar1              | 7          | 14         |
| 11         | n                    | 1          | -1         |
| 12         | param1               | 6          | -1         |
| 13         | param2               | 6          | -1         |
| 14         | param3               | 6          | -1         |
| 15         | monvar2              | 7          | 18         |
| 16         | monvar3              | 7          | 19         |
| 17         | m                    | 1          | -1         |
| 18         | param4               | 6          | -1         |
| 19         | param5               | 6          | -1         |
| 20         | monvar4              | 7          | -1         |
+------------+----------------------+------------+------------+

+--------------+
| Hash Table   |
+------------+----------------------+
| Hash       | Lexicographic Index  |
+------------+----------------------+
| 0          | 8                    |
| 1          | 4                    |
| 2          | 12                   |
| 3          | 13                   |
| 4          | 14                   |
| 5          | 18                   |
| 6          | 19                   |
| 7          | 20                   |
| 11         | 0                    |
| 12         | 2                    |
| 13         | 17                   |
| 14         | 11                   |
| 16         | 5                    |
| 17         | 9                    |
| 22         | 1                    |
| 24         | 7                    |
| 30         | 3                    |
+------------+----------------------+

+---------------------+
| Declaration Table   |
+------------+-----------------+------------+-----------------+-----------------+-----------------+
| Index      | Nature          | Suivant    | Région         | Description     | Exécution      |
+------------+-----------------+------------+-----------------+-----------------+-----------------+
| 0          | TYPE_BASE       | -1         | 0               | 0               | 1               |
| 1          | TYPE_BASE       | -1         | 0               | 1               | 1               |
| 2          | TYPE_BASE       | -1         | 0               | 2               | 1               |
| 3          | TYPE_BASE       | -1         | 0               | 3               | 1               |
+------------+-----------------+------------+-----------------+-----------------+-----------------+
| 4          | TYPE_FUNC       | -1         | 0               | 0               | 1               |
| 6          | TYPE_FUNC       | -1         | 0               | 2               | 2               |
| 7          | TYPE_VAR        | -1         | 2               | 0               | 2               |
| 8          | TYPE_FUNC       | -1         | 0               | 4               | 3               |
| 9          | TYPE_PARAM      | -1         | 3               | 0               | 2               |
| 10         | TYPE_VAR        | -1         | 3               | 0               | 3               |
| 11         | TYPE_PROC       | -1         | 3               | 8               | 4               |
| 12         | TYPE_PARAM      | -1         | 4               | 0               | 3               |
| 13         | TYPE_PARAM      | -1         | 4               | 0               | 4               |
| 14         | TYPE_PARAM      | -1         | 4               | 0               | 5               |
| 15         | TYPE_VAR        | -1         | 4               | 0               | 6               |
| 16         | TYPE_VAR        | -1         | 4               | 0               | 7               |
| 17         | TYPE_FUNC       | -1         | 4               | 15              | 5               |
| 18         | TYPE_PARAM      | -1         | 5               | 0               | 4               |
| 19         | TYPE_PARAM      | -1         | 5               | 0               | 5               |
| 20         | TYPE_VAR        | -1         | 5               | 0               | 6               |
+------------+-----------------+------------+-----------------+-----------------+-----------------+

+------------------------+
| Representation Table   |
+------------+----------------------+
| Index      | Value                |
+------------+----------------------+
| 0          | 0                    |
| 1          | 0                    |
| 2          | 0                    |
| 3          | 0                    |
| 4          | 0                    |
| 5          | 1                    |
| 6          | 9                    |
| 7          | 0                    |
| 8          | 3                    |
| 9          | 12                   |
| 10         | 0                    |
| 11         | 13                   |
| 12         | 0                    |
| 13         | 14                   |
| 14         | 0                    |
| 15         | 0                    |
| 16         | 2                    |
| 17         | 18                   |
| 18         | 0                    |
| 19         | 19                   |
| 20         | 0                    |
+------------+----------------------+

+----------------+
| Region Table   |
+------------+------------+------------+------------+
| Index      | Size       | NIS        | AST        |
+------------+------------+------------+------------+
| 0          | 0          | 0          | -1         |
| 1          | 2          | 1          | -1         |
| 2          | 3          | 1          | -1         |
| 3          | 4          | 1          | -1         |
| 4          | 8          | 2          | -1         |
| 5          | 7          | 3          | -1         |
+------------+------------+------------+------------+

+----------------+
| Region 0 AST   |
+------------------------------------------------------------------------+
Root of the AST:
├── A_PROGRAM, Lexico Idx: -1, Decl Idx: -1
│   ├── A_DECLARATION_LIST, Lexico Idx: -1, Decl Idx: -1
│   │   ├── A_FUNCTION_DECLARATION, Lexico Idx: 4, Decl Idx: 4 -- Lexeme: 'a'
│   │   └── A_FUNCTION_DECLARATION, Lexico Idx: 6, Decl Idx: 6 -- Lexeme: 'zero'
│   │   └── A_FUNCTION_DECLARATION, Lexico Idx: 8, Decl Idx: 8 -- Lexeme: 'test'
+------------------------------------------------------------------------+


+----------------+
| Region 1 AST   |
+------------------------------------------------------------------------+
Root of the AST:
├── A_FUNCTION_DECLARATION, Lexico Idx: 4, Decl Idx: 4 -- Lexeme: 'a'
│   ├── A_RETURN_STATEMENT, Lexico Idx: -1, Decl Idx: -1
│   │   ├── A_INTEGER_LITERAL, Lexico Idx: 5, Decl Idx: -1 -- Lexeme: '0'
+------------------------------------------------------------------------+


+----------------+
| Region 2 AST   |
+------------------------------------------------------------------------+
Root of the AST:
├── A_FUNCTION_DECLARATION, Lexico Idx: 6, Decl Idx: 6 -- Lexeme: 'zero'
│   ├── A_DECLARATION_LIST, Lexico Idx: -1, Decl Idx: -1
│   │   ├── A_VARIABLE_DECLARATION, Lexico Idx: 7, Decl Idx: 7 -- Lexeme: 'x'
│   └── A_RETURN_STATEMENT, Lexico Idx: -1, Decl Idx: -1
│   │   ├── A_INTEGER_LITERAL, Lexico Idx: 5, Decl Idx: -1 -- Lexeme: '0'
+------------------------------------------------------------------------+


+----------------+
| Region 3 AST   |
+------------------------------------------------------------------------+
Root of the AST:
├── A_FUNCTION_DECLARATION, Lexico Idx: 8, Decl Idx: 8 -- Lexeme: 'test'
│   ├── A_PARAMETER_LIST, Lexico Idx: -1, Decl Idx: -1
│   │   ├── A_PARAMETER, Lexico Idx: 9, Decl Idx: 9 -- Lexeme: 'param'
│   └── A_DECLARATION_LIST, Lexico Idx: -1, Decl Idx: -1
│   │   ├── A_VARIABLE_DECLARATION, Lexico Idx: 10, Decl Idx: 10 -- Lexeme: 'monvar1'
│   │   └── A_PROCEDURE_DECLARATION, Lexico Idx: 11, Decl Idx: 11 -- Lexeme: 'n'
│   └── A_RETURN_STATEMENT, Lexico Idx: -1, Decl Idx: -1
│   │   ├── A_INTEGER_LITERAL, Lexico Idx: 5, Decl Idx: -1 -- Lexeme: '0'
+------------------------------------------------------------------------+


+----------------+
| Region 4 AST   |
+------------------------------------------------------------------------+
Root of the AST:
├── A_PROCEDURE_DECLARATION, Lexico Idx: 11, Decl Idx: 11 -- Lexeme: 'n'
│   ├── A_PARAMETER_LIST, Lexico Idx: -1, Decl Idx: -1
│   │   ├── A_PARAMETER, Lexico Idx: 12, Decl Idx: 12 -- Lexeme: 'param1'
│   │   └── A_PARAMETER, Lexico Idx: 13, Decl Idx: 13 -- Lexeme: 'param2'
│   │   └── A_PARAMETER, Lexico Idx: 14, Decl Idx: 14 -- Lexeme: 'param3'
│   └── A_DECLARATION_LIST, Lexico Idx: -1, Decl Idx: -1
│   │   ├── A_VARIABLE_DECLARATION, Lexico Idx: 15, Decl Idx: 15 -- Lexeme: 'monvar2'
│   │   └── A_VARIABLE_DECLARATION, Lexico Idx: 16, Decl Idx: 16 -- Lexeme: 'monvar3'
│   │   └── A_FUNCTION_DECLARATION, Lexico Idx: 17, Decl Idx: 17 -- Lexeme: 'm'
+------------------------------------------------------------------------+


+----------------+
| Region 5 AST   |
+------------------------------------------------------------------------+
Root of the AST:
├── A_FUNCTION_DECLARATION, Lexico Idx: 17, Decl Idx: 17 -- Lexeme: 'm'
│   ├── A_PARAMETER_LIST, Lexico Idx: -1, Decl Idx: -1
│   │   ├── A_PARAMETER, Lexico Idx: 18, Decl Idx: 18 -- Lexeme: 'param4'
│   │   └── A_PARAMETER, Lexico Idx: 19, Decl Idx: 19 -- Lexeme: 'param5'
│   └── A_DECLARATION_LIST, Lexico Idx: -1, Decl Idx: -1
│   │   ├── A_VARIABLE_DECLARATION, Lexico Idx: 20, Decl Idx: 20 -- Lexeme: 'monvar4'
│   └── A_RETURN_STATEMENT, Lexico Idx: -1, Decl Idx: -1
│   │   ├── A_INTEGER_LITERAL, Lexico Idx: 5, Decl Idx: -1 -- Lexeme: '0'
+------------------------------------------------------------------------+

