[Semantic Warning] Redefinition of variable 'x' at example/compilation/to-clean/valid/exemple2.txt:35:19.
  This variable has already been defined in the current scope.
  Consider renaming or modifying the existing definition.

[Semantic Warning] Redefinition of variable 'x' at example/compilation/to-clean/valid/exemple2.txt:47:19.
  This variable has already been defined in the current scope.
  Consider renaming or modifying the existing definition.

Verbose mode enabled. Printing tables and ast...

+----------------------------+
| Lexeme Table: 30 entries   |
+------------+----------------------+------------+------------+
| Index      | Lexeme               | Length     | Next       |
+------------+----------------------+------------+------------+
| 0          | int                  | 3          | -1         |
| 1          | float                | 5          | 7          |
| 2          | bool                 | 4          | -1         |
| 3          | char                 | 4          | -1         |
+------------+----------------------+------------+------------+
| 4          | x                    | 1          | -1         |
| 5          | p1                   | 2          | 9          |
| 6          | y                    | 1          | -1         |
| 7          | 3.5                  | 3          | -1         |
| 8          | p2                   | 2          | 10         |
| 9          | a                    | 1          | -1         |
| 10         | b                    | 1          | -1         |
| 11         | ch1                  | 3          | -1         |
| 12         | ch2                  | 3          | -1         |
| 13         | s                    | 1          | 23         |
| 14         | p3                   | 2          | 15         |
| 15         | c                    | 1          | -1         |
| 16         | 0                    | 1          | 19         |
| 17         | g                    | 1          | -1         |
| 18         | true                 | 4          | 27         |
| 19         | 88                   | 2          | -1         |
| 20         | 3.14                 | 4          | 29         |
| 21         | p4                   | 2          | -1         |
| 22         | 'a'                  | 3          | -1         |
| 23         | 3                    | 1          | -1         |
| 24         | 1                    | 1          | -1         |
| 25         | 99                   | 2          | -1         |
| 26         | p5                   | 2          | -1         |
| 27         | 2.718                | 5          | -1         |
| 28         | 77                   | 2          | -1         |
| 29         | 42                   | 2          | -1         |
+------------+----------------------+------------+------------+

+--------------+
| Hash Table   |
+------------+----------------------+
| Hash       | Lexicographic Index  |
+------------+----------------------+
| 0          | 27                   |
| 1          | 9                    |
| 2          | 10                   |
| 3          | 15                   |
| 4          | 21                   |
| 5          | 26                   |
| 6          | 29                   |
| 7          | 17                   |
| 11         | 0                    |
| 12         | 2                    |
| 14         | 28                   |
| 15         | 22                   |
| 16         | 19                   |
| 17         | 24                   |
| 18         | 25                   |
| 19         | 23                   |
| 22         | 7                    |
| 24         | 4                    |
| 25         | 6                    |
| 28         | 11                   |
| 29         | 12                   |
| 30         | 3                    |
+------------+----------------------+

+---------------------+
| Declaration Table   |
+------------+-----------------+------------+-----------------+-----------------+-----------------+
| Index      | Nature          | Suivant    | Région         | Description     | Exécution      |
+------------+-----------------+------------+-----------------+-----------------+-----------------+
| 0          | TYPE_BASE       | -1         | 0               | 0               | 1               |
| 1          | TYPE_BASE       | -1         | 0               | 1               | 1               |
| 2          | TYPE_BASE       | -1         | 0               | 2               | 1               |
| 3          | TYPE_BASE       | -1         | 0               | 3               | 1               |
+------------+-----------------+------------+-----------------+-----------------+-----------------+
| 4          | TYPE_VAR        | 500        | 0               | 0               | 0               |
| 5          | TYPE_PROC       | -1         | 0               | 0               | 1               |
| 6          | TYPE_PARAM      | -1         | 1               | 1               | 3               |
| 8          | TYPE_PROC       | -1         | 0               | 5               | 2               |
| 9          | TYPE_PARAM      | 504        | 2               | 0               | 2               |
| 10         | TYPE_PARAM      | -1         | 2               | 0               | 3               |
| 13         | TYPE_VAR        | -1         | 2               | 501             | 4               |
| 14         | TYPE_PROC       | -1         | 2               | 17              | 3               |
| 15         | TYPE_PARAM      | 503        | 3               | 0               | 3               |
| 17         | TYPE_PROC       | -1         | 3               | 24              | 5               |
| 21         | TYPE_PROC       | -1         | 2               | 27              | 6               |
| 26         | TYPE_PROC       | -1         | 0               | 28              | 7               |
+------------+-----------------+------------+-----------------+-----------------+-----------------+
+------------+-----------------+------------+-----------------+-----------------+-----------------+
| 500        | TYPE_PARAM      | 501        | 1               | 1               | 2               |
| 501        | TYPE_STRUCT     | 502        | 2               | 10              | 2               |
| 502        | TYPE_FUNC       | 505        | 3               | 20              | 4               |
| 503        | TYPE_PARAM      | 506        | 4               | 1               | 4               |
| 504        | TYPE_VAR        | 509        | 4               | 1               | 5               |
| 505        | TYPE_PARAM      | 507        | 5               | 2               | 4               |
| 506        | TYPE_VAR        | 508        | 5               | 0               | 5               |
| 507        | TYPE_VAR        | 511        | 6               | 501             | 3               |
| 508        | TYPE_VAR        | 510        | 6               | 3               | 5               |
| 509        | TYPE_PARAM      | -1         | 7               | 0               | 2               |
| 510        | TYPE_PARAM      | -1         | 7               | 0               | 3               |
| 511        | TYPE_VAR        | -1         | 7               | 1               | 4               |
+------------+-----------------+------------+-----------------+-----------------+-----------------+

+------------------------+
| Representation Table   |
+------------+----------------------+
| Index      | Value                |
+------------+----------------------+
| 0          | 2                    |
| 1          | 4                    |
| 2          | 1                    |
| 3          | 6                    |
| 4          | 1                    |
| 5          | 2                    |
| 6          | 9                    |
| 7          | 0                    |
| 8          | 10                   |
| 9          | 0                    |
| 10         | 2                    |
| 11         | 11                   |
| 12         | 0                    |
| 13         | 0                    |
| 14         | 12                   |
| 15         | 0                    |
| 16         | 1                    |
| 17         | 1                    |
| 18         | 15                   |
| 19         | 0                    |
| 20         | 0                    |
| 21         | 1                    |
| 22         | 15                   |
| 23         | 1                    |
| 24         | 1                    |
| 25         | 4                    |
| 26         | 2                    |
| 27         | 0                    |
| 28         | 2                    |
| 29         | 9                    |
| 30         | 0                    |
| 31         | 15                   |
| 32         | 0                    |
+------------+----------------------+

+----------------+
| Region Table   |
+------------+------------+------------+------------+
| Index      | Size       | NIS        | AST        |
+------------+------------+------------+------------+
| 0          | 1          | 0          | -1         |
| 1          | 4          | 1          | -1         |
| 2          | 6          | 1          | -1         |
| 3          | 4          | 2          | -1         |
| 4          | 6          | 3          | -1         |
| 5          | 6          | 3          | -1         |
| 6          | 6          | 2          | -1         |
| 7          | 5          | 1          | -1         |
+------------+------------+------------+------------+

+----------------+
| Region 0 AST   |
+------------------------------------------------------------------------+
Root of the AST:
├── A_PROGRAM, Lexico Idx: -1, Decl Idx: -1
│   ├── A_DECLARATION_LIST, Lexico Idx: -1, Decl Idx: -1
│   │   ├── A_VARIABLE_DECLARATION, Lexico Idx: 4, Decl Idx: 4 -- Lexeme: 'x'
│   │   └── A_PROCEDURE_DECLARATION, Lexico Idx: 5, Decl Idx: 5 -- Lexeme: 'p1'
│   │   └── A_PROCEDURE_DECLARATION, Lexico Idx: 8, Decl Idx: 8 -- Lexeme: 'p2'
│   │   └── A_PROCEDURE_DECLARATION, Lexico Idx: 26, Decl Idx: 26 -- Lexeme: 'p5'
│   └── A_STATEMENT_LIST, Lexico Idx: -1, Decl Idx: -1
│   │   ├── A_ASSIGNMENT_STATEMENT, Lexico Idx: -1, Decl Idx: -1
│   │   │   ├── A_VARIABLE_ASSIGNMENT, Lexico Idx: 4, Decl Idx: 4 -- Lexeme: 'x'
│   │   │   │   ├── A_INTEGER_LITERAL, Lexico Idx: 29, Decl Idx: -1 -- Lexeme: '42'
│   │   └── A_FUNC_PROC_CALL_STATEMENT, Lexico Idx: 8, Decl Idx: 8 -- Lexeme: 'p2'
│   │   │   ├── A_ARGUMENT_LIST, Lexico Idx: -1, Decl Idx: -1
│   │   │   │   ├── A_ARGUMENT, Lexico Idx: -1, Decl Idx: -1
│   │   │   │   │   ├── A_IDENTIFIER, Lexico Idx: 4, Decl Idx: 4 -- Lexeme: 'x'
│   │   │   │   └── A_ARGUMENT, Lexico Idx: -1, Decl Idx: -1
│   │   │   │   │   ├── A_IDENTIFIER, Lexico Idx: 4, Decl Idx: 4 -- Lexeme: 'x'
+------------------------------------------------------------------------+


+----------------+
| Region 1 AST   |
+------------------------------------------------------------------------+
Root of the AST:
├── A_PROCEDURE_DECLARATION, Lexico Idx: 5, Decl Idx: 5 -- Lexeme: 'p1'
│   ├── A_PARAMETER_LIST, Lexico Idx: -1, Decl Idx: -1
│   │   ├── A_PARAMETER, Lexico Idx: 4, Decl Idx: 500 -- Lexeme: 'x'
│   │   └── A_PARAMETER, Lexico Idx: 6, Decl Idx: 6 -- Lexeme: 'y'
│   └── A_STATEMENT_LIST, Lexico Idx: -1, Decl Idx: -1
│   │   ├── A_ASSIGNMENT_STATEMENT, Lexico Idx: -1, Decl Idx: -1
│   │   │   ├── A_VARIABLE_ASSIGNMENT, Lexico Idx: 4, Decl Idx: 500 -- Lexeme: 'x'
│   │   │   │   ├── A_FLOAT_LITERAL, Lexico Idx: 7, Decl Idx: -1 -- Lexeme: '3.5'
+------------------------------------------------------------------------+


+----------------+
| Region 2 AST   |
+------------------------------------------------------------------------+
Root of the AST:
├── A_PROCEDURE_DECLARATION, Lexico Idx: 8, Decl Idx: 8 -- Lexeme: 'p2'
│   ├── A_PARAMETER_LIST, Lexico Idx: -1, Decl Idx: -1
│   │   ├── A_PARAMETER, Lexico Idx: 9, Decl Idx: 9 -- Lexeme: 'a'
│   │   └── A_PARAMETER, Lexico Idx: 10, Decl Idx: 10 -- Lexeme: 'b'
│   └── A_DECLARATION_LIST, Lexico Idx: -1, Decl Idx: -1
│   │   ├── A_TYPE_STRUCT_DECLARATION, Lexico Idx: 4, Decl Idx: 501 -- Lexeme: 'x'
│   │   │   ├── A_STRUCT_FIELD_LIST, Lexico Idx: -1, Decl Idx: -1
│   │   │   │   ├── A_STRUCT_FIELD, Lexico Idx: 12, Decl Idx: 0 -- Lexeme: 'ch2'
│   │   │   │   └── A_STRUCT_FIELD, Lexico Idx: 11, Decl Idx: 0 -- Lexeme: 'ch1'
│   │   └── A_VARIABLE_DECLARATION, Lexico Idx: 13, Decl Idx: 13 -- Lexeme: 's'
│   │   └── A_PROCEDURE_DECLARATION, Lexico Idx: 14, Decl Idx: 14 -- Lexeme: 'p3'
│   │   └── A_PROCEDURE_DECLARATION, Lexico Idx: 21, Decl Idx: 21 -- Lexeme: 'p4'
│   └── A_STATEMENT_LIST, Lexico Idx: -1, Decl Idx: -1
│   │   ├── A_ASSIGNMENT_STATEMENT, Lexico Idx: -1, Decl Idx: -1
│   │   │   ├── A_STRUCT_ASSIGNMENT, Lexico Idx: -1, Decl Idx: -1
│   │   │   │   ├── A_STRUCT_FIELD_ACCESS, Lexico Idx: 13, Decl Idx: 13 -- Lexeme: 's'
│   │   │   │   │   ├── A_STRUCT_FIELD_ACCESS, Lexico Idx: 11, Decl Idx: -1 -- Lexeme: 'ch1'
│   │   │   │   └── A_INTEGER_LITERAL, Lexico Idx: 25, Decl Idx: -1 -- Lexeme: '99'
+------------------------------------------------------------------------+


+----------------+
| Region 3 AST   |
+------------------------------------------------------------------------+
Root of the AST:
├── A_PROCEDURE_DECLARATION, Lexico Idx: 14, Decl Idx: 14 -- Lexeme: 'p3'
│   ├── A_PARAMETER_LIST, Lexico Idx: -1, Decl Idx: -1
│   │   ├── A_PARAMETER, Lexico Idx: 15, Decl Idx: 15 -- Lexeme: 'c'
│   └── A_DECLARATION_LIST, Lexico Idx: -1, Decl Idx: -1
│   │   ├── A_FUNCTION_DECLARATION, Lexico Idx: 4, Decl Idx: 502 -- Lexeme: 'x'
│   │   └── A_PROCEDURE_DECLARATION, Lexico Idx: 17, Decl Idx: 17 -- Lexeme: 'g'
│   └── A_STATEMENT_LIST, Lexico Idx: -1, Decl Idx: -1
│   │   ├── A_ASSIGNMENT_STATEMENT, Lexico Idx: -1, Decl Idx: -1
│   │   │   ├── A_VARIABLE_ASSIGNMENT, Lexico Idx: 15, Decl Idx: 15 -- Lexeme: 'c'
│   │   │   │   ├── A_FUNC_PROC_CALL_STATEMENT, Lexico Idx: 4, Decl Idx: 502 -- Lexeme: 'x'
│   │   │   │   │   ├── A_ARGUMENT_LIST, Lexico Idx: -1, Decl Idx: -1
│   │   │   │   │   │   ├── A_ARGUMENT, Lexico Idx: -1, Decl Idx: -1
│   │   │   │   │   │   │   ├── A_FLOAT_LITERAL, Lexico Idx: 20, Decl Idx: -1 -- Lexeme: '3.14'
+------------------------------------------------------------------------+


+----------------+
| Region 4 AST   |
+------------------------------------------------------------------------+
Root of the AST:
├── A_FUNCTION_DECLARATION, Lexico Idx: 4, Decl Idx: 502 -- Lexeme: 'x'
│   ├── A_PARAMETER_LIST, Lexico Idx: -1, Decl Idx: -1
│   │   ├── A_PARAMETER, Lexico Idx: 15, Decl Idx: 503 -- Lexeme: 'c'
│   └── A_DECLARATION_LIST, Lexico Idx: -1, Decl Idx: -1
│   │   ├── A_VARIABLE_DECLARATION, Lexico Idx: 9, Decl Idx: 504 -- Lexeme: 'a'
│   └── A_RETURN_STATEMENT, Lexico Idx: -1, Decl Idx: -1
│   │   ├── A_INTEGER_LITERAL, Lexico Idx: 16, Decl Idx: -1 -- Lexeme: '0'
+------------------------------------------------------------------------+


+----------------+
| Region 5 AST   |
+------------------------------------------------------------------------+
Root of the AST:
├── A_PROCEDURE_DECLARATION, Lexico Idx: 17, Decl Idx: 17 -- Lexeme: 'g'
│   ├── A_PARAMETER_LIST, Lexico Idx: -1, Decl Idx: -1
│   │   ├── A_PARAMETER, Lexico Idx: 4, Decl Idx: 505 -- Lexeme: 'x'
│   └── A_DECLARATION_LIST, Lexico Idx: -1, Decl Idx: -1
│   │   ├── A_VARIABLE_DECLARATION, Lexico Idx: 15, Decl Idx: 506 -- Lexeme: 'c'
│   └── A_STATEMENT_LIST, Lexico Idx: -1, Decl Idx: -1
│   │   ├── A_ASSIGNMENT_STATEMENT, Lexico Idx: -1, Decl Idx: -1
│   │   │   ├── A_VARIABLE_ASSIGNMENT, Lexico Idx: 4, Decl Idx: 505 -- Lexeme: 'x'
│   │   │   │   ├── A_BOOLEAN_LITERAL, Lexico Idx: 18, Decl Idx: -1 -- Lexeme: 'true'
│   │   └── A_ASSIGNMENT_STATEMENT, Lexico Idx: -1, Decl Idx: -1
│   │   │   ├── A_VARIABLE_ASSIGNMENT, Lexico Idx: 15, Decl Idx: 506 -- Lexeme: 'c'
│   │   │   │   ├── A_INTEGER_LITERAL, Lexico Idx: 19, Decl Idx: -1 -- Lexeme: '88'
+------------------------------------------------------------------------+


+----------------+
| Region 6 AST   |
+------------------------------------------------------------------------+
Root of the AST:
├── A_PROCEDURE_DECLARATION, Lexico Idx: 21, Decl Idx: 21 -- Lexeme: 'p4'
│   ├── A_DECLARATION_LIST, Lexico Idx: -1, Decl Idx: -1
│   │   ├── A_VARIABLE_DECLARATION, Lexico Idx: 4, Decl Idx: 507 -- Lexeme: 'x'
│   │   └── A_VARIABLE_DECLARATION, Lexico Idx: 15, Decl Idx: 508 -- Lexeme: 'c'
│   └── A_STATEMENT_LIST, Lexico Idx: -1, Decl Idx: -1
│   │   ├── A_ASSIGNMENT_STATEMENT, Lexico Idx: -1, Decl Idx: -1
│   │   │   ├── A_VARIABLE_ASSIGNMENT, Lexico Idx: 15, Decl Idx: 508 -- Lexeme: 'c'
│   │   │   │   ├── A_CHARACTER_LITERAL, Lexico Idx: 22, Decl Idx: -1 -- Lexeme: ''a''
│   │   └── A_ASSIGNMENT_STATEMENT, Lexico Idx: -1, Decl Idx: -1
│   │   │   ├── A_STRUCT_ASSIGNMENT, Lexico Idx: -1, Decl Idx: -1
│   │   │   │   ├── A_STRUCT_FIELD_ACCESS, Lexico Idx: 4, Decl Idx: 507 -- Lexeme: 'x'
│   │   │   │   │   ├── A_STRUCT_FIELD_ACCESS, Lexico Idx: 11, Decl Idx: -1 -- Lexeme: 'ch1'
│   │   │   │   └── A_INTEGER_LITERAL, Lexico Idx: 23, Decl Idx: -1 -- Lexeme: '3'
│   │   └── A_ASSIGNMENT_STATEMENT, Lexico Idx: -1, Decl Idx: -1
│   │   │   ├── A_STRUCT_ASSIGNMENT, Lexico Idx: -1, Decl Idx: -1
│   │   │   │   ├── A_STRUCT_FIELD_ACCESS, Lexico Idx: 4, Decl Idx: 507 -- Lexeme: 'x'
│   │   │   │   │   ├── A_STRUCT_FIELD_ACCESS, Lexico Idx: 12, Decl Idx: -1 -- Lexeme: 'ch2'
│   │   │   │   └── A_INTEGER_LITERAL, Lexico Idx: 24, Decl Idx: -1 -- Lexeme: '1'
+------------------------------------------------------------------------+


+----------------+
| Region 7 AST   |
+------------------------------------------------------------------------+
Root of the AST:
├── A_PROCEDURE_DECLARATION, Lexico Idx: 26, Decl Idx: 26 -- Lexeme: 'p5'
│   ├── A_PARAMETER_LIST, Lexico Idx: -1, Decl Idx: -1
│   │   ├── A_PARAMETER, Lexico Idx: 9, Decl Idx: 509 -- Lexeme: 'a'
│   │   └── A_PARAMETER, Lexico Idx: 15, Decl Idx: 510 -- Lexeme: 'c'
│   └── A_DECLARATION_LIST, Lexico Idx: -1, Decl Idx: -1
│   │   ├── A_VARIABLE_DECLARATION, Lexico Idx: 4, Decl Idx: 511 -- Lexeme: 'x'
│   └── A_STATEMENT_LIST, Lexico Idx: -1, Decl Idx: -1
│   │   ├── A_ASSIGNMENT_STATEMENT, Lexico Idx: -1, Decl Idx: -1
│   │   │   ├── A_VARIABLE_ASSIGNMENT, Lexico Idx: 4, Decl Idx: 511 -- Lexeme: 'x'
│   │   │   │   ├── A_FLOAT_LITERAL, Lexico Idx: 27, Decl Idx: -1 -- Lexeme: '2.718'
│   │   └── A_ASSIGNMENT_STATEMENT, Lexico Idx: -1, Decl Idx: -1
│   │   │   ├── A_VARIABLE_ASSIGNMENT, Lexico Idx: 15, Decl Idx: 510 -- Lexeme: 'c'
│   │   │   │   ├── A_INTEGER_LITERAL, Lexico Idx: 28, Decl Idx: -1 -- Lexeme: '77'
+------------------------------------------------------------------------+

