Verbose mode enabled. Printing tables and ast...

+----------------------------+
| Lexeme Table: 35 entries   |
+------------+----------------------+------------+------------+
| Index      | Lexeme               | Length     | Next       |
+------------+----------------------+------------+------------+
| 0          | int                  | 3          | 33         |
| 1          | float                | 5          | -1         |
| 2          | bool                 | 4          | 8          |
| 3          | char                 | 4          | 18         |
+------------+----------------------+------------+------------+
| 4          | renard               | 6          | -1         |
| 5          | 1                    | 1          | 21         |
| 6          | 5                    | 1          | -1         |
| 7          | prince               | 6          | 28         |
| 8          | roses                | 5          | 23         |
| 9          | planete              | 7          | -1         |
| 10         | x                    | 1          | -1         |
| 11         | animal               | 6          | 32         |
| 12         | on                   | 2          | -1         |
| 13         | ne                   | 2          | 16         |
| 14         | voit                 | 4          | -1         |
| 15         | petit                | 5          | 19         |
| 16         | 3                    | 1          | -1         |
| 17         | 7                    | 1          | -1         |
| 18         | bien                 | 4          | 22         |
| 19         | qu                   | 2          | 30         |
| 20         | avec                 | 4          | -1         |
| 21         | le                   | 2          | -1         |
| 22         | coeur                | 5          | -1         |
| 23         | l                    | 1          | 24         |
| 24         | essentiel            | 9          | 25         |
| 25         | est                  | 3          | -1         |
| 26         | z                    | 1          | -1         |
| 27         | invisible            | 9          | -1         |
| 28         | serpent              | 7          | -1         |
| 29         | y                    | 1          | -1         |
| 30         | pour                 | 4          | -1         |
| 31         | les                  | 3          | -1         |
| 32         | 99                   | 2          | -1         |
| 33         | yeux                 | 4          | -1         |
| 34         | 77                   | 2          | -1         |
+------------+----------------------+------------+------------+

+--------------+
| Hash Table   |
+------------+----------------------+
| Hash       | Lexicographic Index  |
+------------+----------------------+
| 1          | 28                   |
| 2          | 14                   |
| 4          | 31                   |
| 5          | 27                   |
| 6          | 30                   |
| 9          | 9                    |
| 11         | 33                   |
| 12         | 25                   |
| 14         | 34                   |
| 17         | 21                   |
| 18         | 32                   |
| 19         | 16                   |
| 21         | 6                    |
| 22         | 1                    |
| 23         | 17                   |
| 24         | 10                   |
| 25         | 29                   |
| 26         | 26                   |
| 28         | 4                    |
| 29         | 12                   |
| 30         | 22                   |
| 31         | 20                   |
+------------+----------------------+

+---------------------+
| Declaration Table   |
+------------+-----------------+------------+-----------------+-----------------+-----------------+
| Index      | Nature          | Suivant    | Région         | Description     | Exécution      |
+------------+-----------------+------------+-----------------+-----------------+-----------------+
| 0          | TYPE_BASE       | -1         | 0               | 0               | 1               |
| 1          | TYPE_BASE       | -1         | 0               | 1               | 1               |
| 2          | TYPE_BASE       | -1         | 0               | 2               | 1               |
| 3          | TYPE_BASE       | -1         | 0               | 3               | 1               |
+------------+-----------------+------------+-----------------+-----------------+-----------------+
| 4          | TYPE_ARRAY      | -1         | 0               | 0               | 5               |
| 7          | TYPE_STRUCT     | -1         | 0               | 4               | 6               |
| 10         | TYPE_VAR        | -1         | 0               | 0               | 0               |
| 11         | TYPE_VAR        | -1         | 0               | 4               | 1               |
| 12         | TYPE_PROC       | -1         | 0               | 11              | 1               |
| 13         | TYPE_PROC       | -1         | 1               | 12              | 2               |
| 14         | TYPE_PROC       | -1         | 2               | 13              | 3               |
| 15         | TYPE_VAR        | -1         | 3               | 7               | 4               |
| 18         | TYPE_PROC       | -1         | 2               | 14              | 4               |
| 19         | TYPE_PROC       | -1         | 1               | 15              | 5               |
| 20         | TYPE_PROC       | -1         | 1               | 16              | 6               |
| 21         | TYPE_PROC       | -1         | 1               | 17              | 7               |
| 22         | TYPE_PROC       | -1         | 7               | 18              | 8               |
| 23         | TYPE_PROC       | -1         | 7               | 19              | 9               |
| 24         | TYPE_PROC       | -1         | 1               | 20              | 10              |
| 25         | TYPE_PROC       | -1         | 10              | 21              | 11              |
| 26         | TYPE_VAR        | -1         | 11              | 0               | 4               |
| 27         | TYPE_PROC       | -1         | 10              | 22              | 12              |
| 28         | TYPE_VAR        | -1         | 12              | 4               | 4               |
| 29         | TYPE_VAR        | -1         | 12              | 0               | 9               |
| 30         | TYPE_PROC       | -1         | 12              | 23              | 13              |
| 31         | TYPE_PROC       | -1         | 13              | 24              | 14              |
| 33         | TYPE_PROC       | -1         | 1               | 25              | 15              |
+------------+-----------------+------------+-----------------+-----------------+-----------------+

+------------------------+
| Representation Table   |
+------------+----------------------+
| Index      | Value                |
+------------+----------------------+
| 0          | 0                    |
| 1          | 1                    |
| 2          | 1                    |
| 3          | 5                    |
| 4          | 2                    |
| 5          | 8                    |
| 6          | 4                    |
| 7          | 0                    |
| 8          | 9                    |
| 9          | 0                    |
| 10         | 5                    |
| 11         | 0                    |
| 12         | 0                    |
| 13         | 0                    |
| 14         | 0                    |
| 15         | 0                    |
| 16         | 0                    |
| 17         | 0                    |
| 18         | 0                    |
| 19         | 0                    |
| 20         | 0                    |
| 21         | 0                    |
| 22         | 0                    |
| 23         | 0                    |
| 24         | 0                    |
| 25         | 0                    |
+------------+----------------------+

+----------------+
| Region Table   |
+------------+------------+------------+------------+
| Index      | Size       | NIS        | AST        |
+------------+------------+------------+------------+
| 0          | 6          | 0          | -1         |
| 1          | 2          | 1          | -1         |
| 2          | 3          | 2          | -1         |
| 3          | 10         | 3          | -1         |
| 4          | 4          | 3          | -1         |
| 5          | 3          | 2          | -1         |
| 6          | 3          | 2          | -1         |
| 7          | 3          | 2          | -1         |
| 8          | 4          | 3          | -1         |
| 9          | 4          | 3          | -1         |
| 10         | 3          | 2          | -1         |
| 11         | 5          | 3          | -1         |
| 12         | 10         | 3          | -1         |
| 13         | 5          | 4          | -1         |
| 14         | 6          | 5          | -1         |
| 15         | 3          | 2          | -1         |
+------------+------------+------------+------------+

+----------------+
| Region 0 AST   |
+------------------------------------------------------------------------+
Root of the AST:
├── A_PROGRAM, Lexico Idx: -1, Decl Idx: -1
│   ├── A_DECLARATION_LIST, Lexico Idx: -1, Decl Idx: -1
│   │   ├── A_TYPE_ARRAY_DECLARATION, Lexico Idx: 4, Decl Idx: 4 -- Lexeme: 'renard'
│   │   └── A_TYPE_STRUCT_DECLARATION, Lexico Idx: 7, Decl Idx: 7 -- Lexeme: 'prince'
│   │   │   ├── A_STRUCT_FIELD_LIST, Lexico Idx: -1, Decl Idx: -1
│   │   │   │   ├── A_STRUCT_FIELD, Lexico Idx: 9, Decl Idx: 0 -- Lexeme: 'planete'
│   │   │   │   └── A_STRUCT_FIELD, Lexico Idx: 8, Decl Idx: 4 -- Lexeme: 'roses'
│   │   └── A_VARIABLE_DECLARATION, Lexico Idx: 10, Decl Idx: 10 -- Lexeme: 'x'
│   │   └── A_VARIABLE_DECLARATION, Lexico Idx: 11, Decl Idx: 11 -- Lexeme: 'animal'
│   │   └── A_PROCEDURE_DECLARATION, Lexico Idx: 12, Decl Idx: 12 -- Lexeme: 'on'
│   └── A_STATEMENT_LIST, Lexico Idx: -1, Decl Idx: -1
│   │   ├── A_ASSIGNMENT_STATEMENT, Lexico Idx: -1, Decl Idx: -1
│   │   │   ├── A_ARRAY_ASSIGNMENT, Lexico Idx: -1, Decl Idx: -1
│   │   │   │   ├── A_ARRAY_ACCESS, Lexico Idx: 11, Decl Idx: 11 -- Lexeme: 'animal'
│   │   │   │   │   ├── A_ARRAY_INDEX_LIST, Lexico Idx: -1, Decl Idx: -1
│   │   │   │   │   │   ├── A_ARRAY_INDEX, Lexico Idx: -1, Decl Idx: -1
│   │   │   │   │   │   │   ├── A_INTEGER_LITERAL, Lexico Idx: 5, Decl Idx: -1 -- Lexeme: '1'
│   │   │   │   └── A_INTEGER_LITERAL, Lexico Idx: 34, Decl Idx: -1 -- Lexeme: '77'
│   │   └── A_ASSIGNMENT_STATEMENT, Lexico Idx: -1, Decl Idx: -1
│   │   │   ├── A_VARIABLE_ASSIGNMENT, Lexico Idx: 10, Decl Idx: 10 -- Lexeme: 'x'
│   │   │   │   ├── A_INTEGER_LITERAL, Lexico Idx: 6, Decl Idx: -1 -- Lexeme: '5'
│   │   └── A_FUNC_PROC_CALL_STATEMENT, Lexico Idx: 12, Decl Idx: 12 -- Lexeme: 'on'
+------------------------------------------------------------------------+


+----------------+
| Region 1 AST   |
+------------------------------------------------------------------------+
Root of the AST:
├── A_PROCEDURE_DECLARATION, Lexico Idx: 12, Decl Idx: 12 -- Lexeme: 'on'
│   ├── A_DECLARATION_LIST, Lexico Idx: -1, Decl Idx: -1
│   │   ├── A_PROCEDURE_DECLARATION, Lexico Idx: 13, Decl Idx: 13 -- Lexeme: 'ne'
│   │   └── A_PROCEDURE_DECLARATION, Lexico Idx: 19, Decl Idx: 19 -- Lexeme: 'qu'
│   │   └── A_PROCEDURE_DECLARATION, Lexico Idx: 20, Decl Idx: 20 -- Lexeme: 'avec'
│   │   └── A_PROCEDURE_DECLARATION, Lexico Idx: 21, Decl Idx: 21 -- Lexeme: 'le'
│   │   └── A_PROCEDURE_DECLARATION, Lexico Idx: 24, Decl Idx: 24 -- Lexeme: 'essentiel'
│   │   └── A_PROCEDURE_DECLARATION, Lexico Idx: 33, Decl Idx: 33 -- Lexeme: 'yeux'
│   └── A_STATEMENT_LIST, Lexico Idx: -1, Decl Idx: -1
│   │   ├── A_FUNC_PROC_CALL_STATEMENT, Lexico Idx: 33, Decl Idx: 33 -- Lexeme: 'yeux'
+------------------------------------------------------------------------+


+----------------+
| Region 2 AST   |
+------------------------------------------------------------------------+
Root of the AST:
├── A_PROCEDURE_DECLARATION, Lexico Idx: 13, Decl Idx: 13 -- Lexeme: 'ne'
│   ├── A_DECLARATION_LIST, Lexico Idx: -1, Decl Idx: -1
│   │   ├── A_PROCEDURE_DECLARATION, Lexico Idx: 14, Decl Idx: 14 -- Lexeme: 'voit'
│   │   └── A_PROCEDURE_DECLARATION, Lexico Idx: 18, Decl Idx: 18 -- Lexeme: 'bien'
│   └── A_STATEMENT_LIST, Lexico Idx: -1, Decl Idx: -1
│   │   ├── A_FUNC_PROC_CALL_STATEMENT, Lexico Idx: 14, Decl Idx: 14 -- Lexeme: 'voit'
+------------------------------------------------------------------------+


+----------------+
| Region 3 AST   |
+------------------------------------------------------------------------+
Root of the AST:
├── A_PROCEDURE_DECLARATION, Lexico Idx: 14, Decl Idx: 14 -- Lexeme: 'voit'
│   ├── A_DECLARATION_LIST, Lexico Idx: -1, Decl Idx: -1
│   │   ├── A_VARIABLE_DECLARATION, Lexico Idx: 15, Decl Idx: 15 -- Lexeme: 'petit'
│   └── A_STATEMENT_LIST, Lexico Idx: -1, Decl Idx: -1
│   │   ├── A_ASSIGNMENT_STATEMENT, Lexico Idx: -1, Decl Idx: -1
│   │   │   ├── A_STRUCT_ASSIGNMENT, Lexico Idx: -1, Decl Idx: -1
│   │   │   │   ├── A_STRUCT_FIELD_ACCESS, Lexico Idx: 15, Decl Idx: 15 -- Lexeme: 'petit'
│   │   │   │   │   ├── A_ARRAY_ACCESS, Lexico Idx: 8, Decl Idx: 4 -- Lexeme: 'roses'
│   │   │   │   │   │   ├── A_ARRAY_INDEX_LIST, Lexico Idx: -1, Decl Idx: -1
│   │   │   │   │   │   │   ├── A_ARRAY_INDEX, Lexico Idx: -1, Decl Idx: -1
│   │   │   │   │   │   │   │   ├── A_INTEGER_LITERAL, Lexico Idx: 16, Decl Idx: -1 -- Lexeme: '3'
│   │   │   │   └── A_INTEGER_LITERAL, Lexico Idx: 17, Decl Idx: -1 -- Lexeme: '7'
+------------------------------------------------------------------------+


+----------------+
| Region 4 AST   |
+------------------------------------------------------------------------+
Root of the AST:
├── A_PROCEDURE_DECLARATION, Lexico Idx: 18, Decl Idx: 18 -- Lexeme: 'bien'
│   ├── A_STATEMENT_LIST, Lexico Idx: -1, Decl Idx: -1
│   │   ├── A_FUNC_PROC_CALL_STATEMENT, Lexico Idx: 14, Decl Idx: 14 -- Lexeme: 'voit'
+------------------------------------------------------------------------+


+----------------+
| Region 5 AST   |
+------------------------------------------------------------------------+
Root of the AST:
├── A_PROCEDURE_DECLARATION, Lexico Idx: 19, Decl Idx: 19 -- Lexeme: 'qu'
│   ├── A_STATEMENT_LIST, Lexico Idx: -1, Decl Idx: -1
│   │   ├── A_FUNC_PROC_CALL_STATEMENT, Lexico Idx: 13, Decl Idx: 13 -- Lexeme: 'ne'
+------------------------------------------------------------------------+


+----------------+
| Region 6 AST   |
+------------------------------------------------------------------------+
Root of the AST:
├── A_PROCEDURE_DECLARATION, Lexico Idx: 20, Decl Idx: 20 -- Lexeme: 'avec'
│   ├── A_STATEMENT_LIST, Lexico Idx: -1, Decl Idx: -1
│   │   ├── A_FUNC_PROC_CALL_STATEMENT, Lexico Idx: 19, Decl Idx: 19 -- Lexeme: 'qu'
+------------------------------------------------------------------------+


+----------------+
| Region 7 AST   |
+------------------------------------------------------------------------+
Root of the AST:
├── A_PROCEDURE_DECLARATION, Lexico Idx: 21, Decl Idx: 21 -- Lexeme: 'le'
│   ├── A_DECLARATION_LIST, Lexico Idx: -1, Decl Idx: -1
│   │   ├── A_PROCEDURE_DECLARATION, Lexico Idx: 22, Decl Idx: 22 -- Lexeme: 'coeur'
│   │   └── A_PROCEDURE_DECLARATION, Lexico Idx: 23, Decl Idx: 23 -- Lexeme: 'l'
│   └── A_STATEMENT_LIST, Lexico Idx: -1, Decl Idx: -1
│   │   ├── A_FUNC_PROC_CALL_STATEMENT, Lexico Idx: 22, Decl Idx: 22 -- Lexeme: 'coeur'
+------------------------------------------------------------------------+


+----------------+
| Region 8 AST   |
+------------------------------------------------------------------------+
Root of the AST:
├── A_PROCEDURE_DECLARATION, Lexico Idx: 22, Decl Idx: 22 -- Lexeme: 'coeur'
│   ├── A_STATEMENT_LIST, Lexico Idx: -1, Decl Idx: -1
│   │   ├── A_FUNC_PROC_CALL_STATEMENT, Lexico Idx: 13, Decl Idx: 13 -- Lexeme: 'ne'
+------------------------------------------------------------------------+


+----------------+
| Region 9 AST   |
+------------------------------------------------------------------------+
Root of the AST:
├── A_PROCEDURE_DECLARATION, Lexico Idx: 23, Decl Idx: 23 -- Lexeme: 'l'
│   ├── A_STATEMENT_LIST, Lexico Idx: -1, Decl Idx: -1
│   │   ├── A_FUNC_PROC_CALL_STATEMENT, Lexico Idx: 20, Decl Idx: 20 -- Lexeme: 'avec'
+------------------------------------------------------------------------+


+-----------------+
| Region 10 AST   |
+------------------------------------------------------------------------+
Root of the AST:
├── A_PROCEDURE_DECLARATION, Lexico Idx: 24, Decl Idx: 24 -- Lexeme: 'essentiel'
│   ├── A_DECLARATION_LIST, Lexico Idx: -1, Decl Idx: -1
│   │   ├── A_PROCEDURE_DECLARATION, Lexico Idx: 25, Decl Idx: 25 -- Lexeme: 'est'
│   │   └── A_PROCEDURE_DECLARATION, Lexico Idx: 27, Decl Idx: 27 -- Lexeme: 'invisible'
│   └── A_STATEMENT_LIST, Lexico Idx: -1, Decl Idx: -1
│   │   ├── A_FUNC_PROC_CALL_STATEMENT, Lexico Idx: 27, Decl Idx: 27 -- Lexeme: 'invisible'
+------------------------------------------------------------------------+


+-----------------+
| Region 11 AST   |
+------------------------------------------------------------------------+
Root of the AST:
├── A_PROCEDURE_DECLARATION, Lexico Idx: 25, Decl Idx: 25 -- Lexeme: 'est'
│   ├── A_DECLARATION_LIST, Lexico Idx: -1, Decl Idx: -1
│   │   ├── A_VARIABLE_DECLARATION, Lexico Idx: 26, Decl Idx: 26 -- Lexeme: 'z'
│   └── A_STATEMENT_LIST, Lexico Idx: -1, Decl Idx: -1
│   │   ├── A_FUNC_PROC_CALL_STATEMENT, Lexico Idx: 21, Decl Idx: 21 -- Lexeme: 'le'
│   │   └── A_ASSIGNMENT_STATEMENT, Lexico Idx: -1, Decl Idx: -1
│   │   │   ├── A_VARIABLE_ASSIGNMENT, Lexico Idx: 26, Decl Idx: 26 -- Lexeme: 'z'
│   │   │   │   ├── A_IDENTIFIER, Lexico Idx: 10, Decl Idx: 10 -- Lexeme: 'x'
+------------------------------------------------------------------------+


+-----------------+
| Region 12 AST   |
+------------------------------------------------------------------------+
Root of the AST:
├── A_PROCEDURE_DECLARATION, Lexico Idx: 27, Decl Idx: 27 -- Lexeme: 'invisible'
│   ├── A_DECLARATION_LIST, Lexico Idx: -1, Decl Idx: -1
│   │   ├── A_VARIABLE_DECLARATION, Lexico Idx: 28, Decl Idx: 28 -- Lexeme: 'serpent'
│   │   └── A_VARIABLE_DECLARATION, Lexico Idx: 29, Decl Idx: 29 -- Lexeme: 'y'
│   │   └── A_PROCEDURE_DECLARATION, Lexico Idx: 30, Decl Idx: 30 -- Lexeme: 'pour'
│   └── A_STATEMENT_LIST, Lexico Idx: -1, Decl Idx: -1
│   │   ├── A_ASSIGNMENT_STATEMENT, Lexico Idx: -1, Decl Idx: -1
│   │   │   ├── A_ARRAY_ASSIGNMENT, Lexico Idx: -1, Decl Idx: -1
│   │   │   │   ├── A_ARRAY_ACCESS, Lexico Idx: 28, Decl Idx: 28 -- Lexeme: 'serpent'
│   │   │   │   │   ├── A_ARRAY_INDEX_LIST, Lexico Idx: -1, Decl Idx: -1
│   │   │   │   │   │   ├── A_ARRAY_INDEX, Lexico Idx: -1, Decl Idx: -1
│   │   │   │   │   │   │   ├── A_INTEGER_LITERAL, Lexico Idx: 5, Decl Idx: -1 -- Lexeme: '1'
│   │   │   │   └── A_INTEGER_LITERAL, Lexico Idx: 32, Decl Idx: -1 -- Lexeme: '99'
│   │   └── A_FUNC_PROC_CALL_STATEMENT, Lexico Idx: 30, Decl Idx: 30 -- Lexeme: 'pour'
+------------------------------------------------------------------------+


+-----------------+
| Region 13 AST   |
+------------------------------------------------------------------------+
Root of the AST:
├── A_PROCEDURE_DECLARATION, Lexico Idx: 30, Decl Idx: 30 -- Lexeme: 'pour'
│   ├── A_DECLARATION_LIST, Lexico Idx: -1, Decl Idx: -1
│   │   ├── A_PROCEDURE_DECLARATION, Lexico Idx: 31, Decl Idx: 31 -- Lexeme: 'les'
│   └── A_STATEMENT_LIST, Lexico Idx: -1, Decl Idx: -1
│   │   ├── A_FUNC_PROC_CALL_STATEMENT, Lexico Idx: 31, Decl Idx: 31 -- Lexeme: 'les'
+------------------------------------------------------------------------+


+-----------------+
| Region 14 AST   |
+------------------------------------------------------------------------+
Root of the AST:
├── A_PROCEDURE_DECLARATION, Lexico Idx: 31, Decl Idx: 31 -- Lexeme: 'les'
│   ├── A_STATEMENT_LIST, Lexico Idx: -1, Decl Idx: -1
│   │   ├── A_FUNC_PROC_CALL_STATEMENT, Lexico Idx: 21, Decl Idx: 21 -- Lexeme: 'le'
│   │   └── A_ASSIGNMENT_STATEMENT, Lexico Idx: -1, Decl Idx: -1
│   │   │   ├── A_VARIABLE_ASSIGNMENT, Lexico Idx: 29, Decl Idx: 29 -- Lexeme: 'y'
│   │   │   │   ├── A_IDENTIFIER, Lexico Idx: 10, Decl Idx: 10 -- Lexeme: 'x'
+------------------------------------------------------------------------+


+-----------------+
| Region 15 AST   |
+------------------------------------------------------------------------+
Root of the AST:
├── A_PROCEDURE_DECLARATION, Lexico Idx: 33, Decl Idx: 33 -- Lexeme: 'yeux'
│   ├── A_STATEMENT_LIST, Lexico Idx: -1, Decl Idx: -1
│   │   ├── A_FUNC_PROC_CALL_STATEMENT, Lexico Idx: 24, Decl Idx: 24 -- Lexeme: 'essentiel'
+------------------------------------------------------------------------+

