[Semantic Warning] Redefinition of variable 'i' at example/compilation/to-clean/valid/exemple1.txt:37:25.
  This variable has already been defined in the current scope.
  Consider renaming or modifying the existing definition.

Verbose mode enabled. Printing tables and ast...

+----------------------------+
| Lexeme Table: 32 entries   |
+------------+----------------------+------------+------------+
| Index      | Lexeme               | Length     | Next       |
+------------+----------------------+------------+------------+
| 0          | int                  | 3          | 26         |
| 1          | float                | 5          | 9          |
| 2          | bool                 | 4          | -1         |
| 3          | char                 | 4          | 4          |
+------------+----------------------+------------+------------+
| 4          | date                 | 4          | 24         |
| 5          | jour                 | 4          | -1         |
| 6          | mois                 | 4          | -1         |
| 7          | annee                | 5          | 30         |
| 8          | personne             | 8          | 20         |
| 9          | numero               | 6          | -1         |
| 10         | naissance            | 9          | -1         |
| 11         | age                  | 3          | 27         |
| 12         | equipe               | 6          | 19         |
| 13         | 1                    | 1          | -1         |
| 14         | 3                    | 1          | -1         |
| 15         | 2                    | 1          | -1         |
| 16         | p                    | 1          | 25         |
| 17         | te                   | 2          | -1         |
| 18         | b                    | 1          | -1         |
| 19         | i                    | 1          | -1         |
| 20         | j                    | 1          | -1         |
| 21         | a                    | 1          | -1         |
| 22         | T                    | 1          | -1         |
| 23         | c                    | 1          | -1         |
| 24         | saisie               | 6          | -1         |
| 25         | 0                    | 1          | -1         |
| 26         | "\nNumero de securite sociale : " | 33         | -1         |
| 27         | "%d"                 | 4          | -1         |
| 28         | e                    | 1          | -1         |
| 29         | f                    | 1          | -1         |
| 30         | g                    | 1          | -1         |
| 31         | h                    | 1          | -1         |
+------------+----------------------+------------+------------+

+--------------+
| Hash Table   |
+------------+----------------------+
| Hash       | Lexicographic Index  |
+------------+----------------------+
| 0          | 5                    |
| 1          | 21                   |
| 2          | 18                   |
| 3          | 23                   |
| 5          | 28                   |
| 6          | 29                   |
| 7          | 30                   |
| 8          | 31                   |
| 9          | 19                   |
| 10         | 20                   |
| 11         | 26                   |
| 12         | 2                    |
| 13         | 27                   |
| 16         | 25                   |
| 17         | 13                   |
| 18         | 15                   |
| 19         | 14                   |
| 20         | 22                   |
| 21         | 10                   |
| 22         | 9                    |
| 24         | 6                    |
| 25         | 17                   |
| 30         | 24                   |
+------------+----------------------+

+---------------------+
| Declaration Table   |
+------------+-----------------+------------+-----------------+-----------------+-----------------+
| Index      | Nature          | Suivant    | Région         | Description     | Exécution      |
+------------+-----------------+------------+-----------------+-----------------+-----------------+
| 0          | TYPE_BASE       | -1         | 0               | 0               | 1               |
| 1          | TYPE_BASE       | -1         | 0               | 1               | 1               |
| 2          | TYPE_BASE       | -1         | 0               | 2               | 1               |
| 3          | TYPE_BASE       | -1         | 0               | 3               | 1               |
+------------+-----------------+------------+-----------------+-----------------+-----------------+
| 4          | TYPE_STRUCT     | -1         | 0               | 0               | 3               |
| 8          | TYPE_STRUCT     | -1         | 0               | 10              | 5               |
| 12         | TYPE_ARRAY      | -1         | 0               | 20              | 30              |
| 16         | TYPE_VAR        | -1         | 0               | 8               | 0               |
| 17         | TYPE_VAR        | -1         | 0               | 12              | 5               |
| 18         | TYPE_VAR        | 500        | 0               | 2               | 35              |
| 19         | TYPE_VAR        | 501        | 0               | 1               | 36              |
| 20         | TYPE_VAR        | -1         | 0               | 0               | 37              |
| 21         | TYPE_PROC       | -1         | 0               | 26              | 1               |
| 22         | TYPE_VAR        | 503        | 2               | 0               | 3               |
| 23         | TYPE_PROC       | -1         | 2               | 28              | 3               |
| 24         | TYPE_PROC       | -1         | 2               | 29              | 4               |
| 28         | TYPE_PROC       | -1         | 0               | 30              | 5               |
| 29         | TYPE_PROC       | -1         | 5               | 31              | 6               |
| 30         | TYPE_PROC       | -1         | 6               | 32              | 7               |
| 31         | TYPE_PROC       | -1         | 5               | 33              | 8               |
+------------+-----------------+------------+-----------------+-----------------+-----------------+
+------------+-----------------+------------+-----------------+-----------------+-----------------+
| 500        | TYPE_PROC       | -1         | 1               | 27              | 2               |
| 501        | TYPE_VAR        | 502        | 4               | 0               | 4               |
| 502        | TYPE_PROC       | -1         | 0               | 34              | 9               |
| 503        | TYPE_VAR        | -1         | 9               | 0               | 2               |
+------------+-----------------+------------+-----------------+-----------------+-----------------+

+------------------------+
| Representation Table   |
+------------+----------------------+
| Index      | Value                |
+------------+----------------------+
| 0          | 3                    |
| 1          | 5                    |
| 2          | 0                    |
| 3          | 0                    |
| 4          | 6                    |
| 5          | 0                    |
| 6          | 1                    |
| 7          | 7                    |
| 8          | 0                    |
| 9          | 2                    |
| 10         | 3                    |
| 11         | 9                    |
| 12         | 0                    |
| 13         | 0                    |
| 14         | 10                   |
| 15         | 4                    |
| 16         | 1                    |
| 17         | 11                   |
| 18         | 0                    |
| 19         | 4                    |
| 20         | 8                    |
| 21         | 2                    |
| 22         | 1                    |
| 23         | 3                    |
| 24         | 1                    |
| 25         | 2                    |
| 26         | 0                    |
| 27         | 0                    |
| 28         | 0                    |
| 29         | 0                    |
| 30         | 0                    |
| 31         | 0                    |
| 32         | 0                    |
| 33         | 0                    |
| 34         | 0                    |
+------------+----------------------+

+----------------+
| Region Table   |
+------------+------------+------------+------------+
| Index      | Size       | NIS        | AST        |
+------------+------------+------------+------------+
| 0          | 38         | 0          | -1         |
| 1          | 2          | 1          | -1         |
| 2          | 4          | 2          | -1         |
| 3          | 4          | 3          | -1         |
| 4          | 5          | 3          | -1         |
| 5          | 2          | 1          | -1         |
| 6          | 3          | 2          | -1         |
| 7          | 4          | 3          | -1         |
| 8          | 3          | 2          | -1         |
| 9          | 3          | 1          | -1         |
+------------+------------+------------+------------+

+----------------+
| Region 0 AST   |
+------------------------------------------------------------------------+
Root of the AST:
├── A_PROGRAM, Lexico Idx: -1, Decl Idx: -1
│   ├── A_DECLARATION_LIST, Lexico Idx: -1, Decl Idx: -1
│   │   ├── A_TYPE_STRUCT_DECLARATION, Lexico Idx: 4, Decl Idx: 4 -- Lexeme: 'date'
│   │   │   ├── A_STRUCT_FIELD_LIST, Lexico Idx: -1, Decl Idx: -1
│   │   │   │   ├── A_STRUCT_FIELD, Lexico Idx: 7, Decl Idx: 0 -- Lexeme: 'annee'
│   │   │   │   └── A_STRUCT_FIELD, Lexico Idx: 6, Decl Idx: 0 -- Lexeme: 'mois'
│   │   │   │   └── A_STRUCT_FIELD, Lexico Idx: 5, Decl Idx: 0 -- Lexeme: 'jour'
│   │   └── A_TYPE_STRUCT_DECLARATION, Lexico Idx: 8, Decl Idx: 8 -- Lexeme: 'personne'
│   │   │   ├── A_STRUCT_FIELD_LIST, Lexico Idx: -1, Decl Idx: -1
│   │   │   │   ├── A_STRUCT_FIELD, Lexico Idx: 11, Decl Idx: 0 -- Lexeme: 'age'
│   │   │   │   └── A_STRUCT_FIELD, Lexico Idx: 10, Decl Idx: 4 -- Lexeme: 'naissance'
│   │   │   │   └── A_STRUCT_FIELD, Lexico Idx: 9, Decl Idx: 0 -- Lexeme: 'numero'
│   │   └── A_TYPE_ARRAY_DECLARATION, Lexico Idx: 12, Decl Idx: 12 -- Lexeme: 'equipe'
│   │   └── A_VARIABLE_DECLARATION, Lexico Idx: 16, Decl Idx: 16 -- Lexeme: 'p'
│   │   └── A_VARIABLE_DECLARATION, Lexico Idx: 17, Decl Idx: 17 -- Lexeme: 'te'
│   │   └── A_VARIABLE_DECLARATION, Lexico Idx: 18, Decl Idx: 18 -- Lexeme: 'b'
│   │   └── A_VARIABLE_DECLARATION, Lexico Idx: 19, Decl Idx: 19 -- Lexeme: 'i'
│   │   └── A_VARIABLE_DECLARATION, Lexico Idx: 20, Decl Idx: 20 -- Lexeme: 'j'
│   │   └── A_PROCEDURE_DECLARATION, Lexico Idx: 21, Decl Idx: 21 -- Lexeme: 'a'
│   │   └── A_PROCEDURE_DECLARATION, Lexico Idx: 28, Decl Idx: 28 -- Lexeme: 'e'
│   │   └── A_PROCEDURE_DECLARATION, Lexico Idx: 19, Decl Idx: 502 -- Lexeme: 'i'
│   └── A_STATEMENT_LIST, Lexico Idx: -1, Decl Idx: -1
│   │   ├── A_FUNC_PROC_CALL_STATEMENT, Lexico Idx: 19, Decl Idx: 502 -- Lexeme: 'i'
+------------------------------------------------------------------------+


+----------------+
| Region 1 AST   |
+------------------------------------------------------------------------+
Root of the AST:
├── A_PROCEDURE_DECLARATION, Lexico Idx: 21, Decl Idx: 21 -- Lexeme: 'a'
│   ├── A_DECLARATION_LIST, Lexico Idx: -1, Decl Idx: -1
│   │   ├── A_PROCEDURE_DECLARATION, Lexico Idx: 18, Decl Idx: 500 -- Lexeme: 'b'
│   └── A_STATEMENT_LIST, Lexico Idx: -1, Decl Idx: -1
│   │   ├── A_FUNC_PROC_CALL_STATEMENT, Lexico Idx: 18, Decl Idx: 500 -- Lexeme: 'b'
+------------------------------------------------------------------------+


+----------------+
| Region 2 AST   |
+------------------------------------------------------------------------+
Root of the AST:
├── A_PROCEDURE_DECLARATION, Lexico Idx: 18, Decl Idx: 500 -- Lexeme: 'b'
│   ├── A_DECLARATION_LIST, Lexico Idx: -1, Decl Idx: -1
│   │   ├── A_VARIABLE_DECLARATION, Lexico Idx: 22, Decl Idx: 22 -- Lexeme: 'T'
│   │   └── A_PROCEDURE_DECLARATION, Lexico Idx: 23, Decl Idx: 23 -- Lexeme: 'c'
│   │   └── A_PROCEDURE_DECLARATION, Lexico Idx: 24, Decl Idx: 24 -- Lexeme: 'saisie'
│   └── A_STATEMENT_LIST, Lexico Idx: -1, Decl Idx: -1
│   │   ├── A_FUNC_PROC_CALL_STATEMENT, Lexico Idx: 24, Decl Idx: 24 -- Lexeme: 'saisie'
+------------------------------------------------------------------------+


+----------------+
| Region 3 AST   |
+------------------------------------------------------------------------+
Root of the AST:
├── A_PROCEDURE_DECLARATION, Lexico Idx: 23, Decl Idx: 23 -- Lexeme: 'c'
+------------------------------------------------------------------------+


+----------------+
| Region 4 AST   |
+------------------------------------------------------------------------+
Root of the AST:
├── A_PROCEDURE_DECLARATION, Lexico Idx: 24, Decl Idx: 24 -- Lexeme: 'saisie'
│   ├── A_DECLARATION_LIST, Lexico Idx: -1, Decl Idx: -1
│   │   ├── A_VARIABLE_DECLARATION, Lexico Idx: 19, Decl Idx: 501 -- Lexeme: 'i'
│   └── A_STATEMENT_LIST, Lexico Idx: -1, Decl Idx: -1
│   │   ├── A_ASSIGNMENT_STATEMENT, Lexico Idx: -1, Decl Idx: -1
│   │   │   ├── A_VARIABLE_ASSIGNMENT, Lexico Idx: 19, Decl Idx: 501 -- Lexeme: 'i'
│   │   │   │   ├── A_INTEGER_LITERAL, Lexico Idx: 25, Decl Idx: -1 -- Lexeme: '0'
│   │   └── A_ASSIGNMENT_STATEMENT, Lexico Idx: -1, Decl Idx: -1
│   │   │   ├── A_VARIABLE_ASSIGNMENT, Lexico Idx: 20, Decl Idx: 20 -- Lexeme: 'j'
│   │   │   │   ├── A_INTEGER_LITERAL, Lexico Idx: 25, Decl Idx: -1 -- Lexeme: '0'
│   │   └── A_WHILE, Lexico Idx: -1, Decl Idx: -1
│   │   │   ├── A_CONDITION, Lexico Idx: -1, Decl Idx: -1
│   │   │   │   ├── A_LESS_THAN_OP, Lexico Idx: -1, Decl Idx: -1
│   │   │   │   │   ├── A_IDENTIFIER, Lexico Idx: 19, Decl Idx: 501 -- Lexeme: 'i'
│   │   │   │   │   └── A_INTEGER_LITERAL, Lexico Idx: 14, Decl Idx: -1 -- Lexeme: '3'
│   │   │   └── A_STATEMENT_LIST, Lexico Idx: -1, Decl Idx: -1
│   │   │   │   ├── A_ASSIGNMENT_STATEMENT, Lexico Idx: -1, Decl Idx: -1
│   │   │   │   │   ├── A_VARIABLE_ASSIGNMENT, Lexico Idx: 19, Decl Idx: 501 -- Lexeme: 'i'
│   │   │   │   │   │   ├── A_ADD_OP, Lexico Idx: -1, Decl Idx: -1
│   │   │   │   │   │   │   ├── A_IDENTIFIER, Lexico Idx: 19, Decl Idx: 501 -- Lexeme: 'i'
│   │   │   │   │   │   │   └── A_INTEGER_LITERAL, Lexico Idx: 13, Decl Idx: -1 -- Lexeme: '1'
│   │   │   │   └── A_WHILE, Lexico Idx: -1, Decl Idx: -1
│   │   │   │   │   ├── A_CONDITION, Lexico Idx: -1, Decl Idx: -1
│   │   │   │   │   │   ├── A_LESS_THAN_OP, Lexico Idx: -1, Decl Idx: -1
│   │   │   │   │   │   │   ├── A_IDENTIFIER, Lexico Idx: 20, Decl Idx: 20 -- Lexeme: 'j'
│   │   │   │   │   │   │   └── A_INTEGER_LITERAL, Lexico Idx: 15, Decl Idx: -1 -- Lexeme: '2'
│   │   │   │   │   └── A_STATEMENT_LIST, Lexico Idx: -1, Decl Idx: -1
│   │   │   │   │   │   ├── A_ASSIGNMENT_STATEMENT, Lexico Idx: -1, Decl Idx: -1
│   │   │   │   │   │   │   ├── A_VARIABLE_ASSIGNMENT, Lexico Idx: 20, Decl Idx: 20 -- Lexeme: 'j'
│   │   │   │   │   │   │   │   ├── A_ADD_OP, Lexico Idx: -1, Decl Idx: -1
│   │   │   │   │   │   │   │   │   ├── A_IDENTIFIER, Lexico Idx: 20, Decl Idx: 20 -- Lexeme: 'j'
│   │   │   │   │   │   │   │   │   └── A_INTEGER_LITERAL, Lexico Idx: 13, Decl Idx: -1 -- Lexeme: '1'
│   │   │   │   │   │   └── A_PRINT_STATEMENT, Lexico Idx: -1, Decl Idx: -1
│   │   │   │   │   │   │   ├── A_FORMAT_STRING, Lexico Idx: 26, Decl Idx: -1 -- Lexeme: '"\nNumero de securite sociale : "'
│   │   │   │   │   │   └── A_INPUT_STATEMENT, Lexico Idx: -1, Decl Idx: -1
│   │   │   │   │   │   │   ├── A_INPUT_STATEMENT, Lexico Idx: -1, Decl Idx: -1
│   │   │   │   │   │   │   │   ├── A_ARGUMENT_LIST, Lexico Idx: -1, Decl Idx: -1
│   │   │   │   │   │   │   │   │   ├── A_ARGUMENT, Lexico Idx: -1, Decl Idx: -1
│   │   │   │   │   │   │   │   │   │   ├── A_ARRAY_ACCESS, Lexico Idx: 17, Decl Idx: 17 -- Lexeme: 'te'
│   │   │   │   │   │   │   │   │   │   │   ├── A_ARRAY_INDEX_LIST, Lexico Idx: -1, Decl Idx: -1
│   │   │   │   │   │   │   │   │   │   │   │   ├── A_ARRAY_INDEX, Lexico Idx: -1, Decl Idx: -1
│   │   │   │   │   │   │   │   │   │   │   │   │   ├── A_IDENTIFIER, Lexico Idx: 19, Decl Idx: 501 -- Lexeme: 'i'
│   │   │   │   │   │   │   │   │   │   │   │   └── A_ARRAY_INDEX, Lexico Idx: -1, Decl Idx: -1
│   │   │   │   │   │   │   │   │   │   │   │   │   ├── A_IDENTIFIER, Lexico Idx: 20, Decl Idx: 20 -- Lexeme: 'j'
│   │   │   │   │   │   │   │   │   │   │   └── A_STRUCT_FIELD_ACCESS, Lexico Idx: 9, Decl Idx: -1 -- Lexeme: 'numero'
│   │   │   │   │   │   │   │   └── A_FORMAT_STRING, Lexico Idx: 27, Decl Idx: -1 -- Lexeme: '"%d"'
│   │   └── A_ASSIGNMENT_STATEMENT, Lexico Idx: -1, Decl Idx: -1
│   │   │   ├── A_VARIABLE_ASSIGNMENT, Lexico Idx: 22, Decl Idx: 22 -- Lexeme: 'T'
│   │   │   │   ├── A_IDENTIFIER, Lexico Idx: 20, Decl Idx: 20 -- Lexeme: 'j'
+------------------------------------------------------------------------+


+----------------+
| Region 5 AST   |
+------------------------------------------------------------------------+
Root of the AST:
├── A_PROCEDURE_DECLARATION, Lexico Idx: 28, Decl Idx: 28 -- Lexeme: 'e'
│   ├── A_DECLARATION_LIST, Lexico Idx: -1, Decl Idx: -1
│   │   ├── A_PROCEDURE_DECLARATION, Lexico Idx: 29, Decl Idx: 29 -- Lexeme: 'f'
│   │   └── A_PROCEDURE_DECLARATION, Lexico Idx: 31, Decl Idx: 31 -- Lexeme: 'h'
│   └── A_STATEMENT_LIST, Lexico Idx: -1, Decl Idx: -1
│   │   ├── A_FUNC_PROC_CALL_STATEMENT, Lexico Idx: 31, Decl Idx: 31 -- Lexeme: 'h'
+------------------------------------------------------------------------+


+----------------+
| Region 6 AST   |
+------------------------------------------------------------------------+
Root of the AST:
├── A_PROCEDURE_DECLARATION, Lexico Idx: 29, Decl Idx: 29 -- Lexeme: 'f'
│   ├── A_DECLARATION_LIST, Lexico Idx: -1, Decl Idx: -1
│   │   ├── A_PROCEDURE_DECLARATION, Lexico Idx: 30, Decl Idx: 30 -- Lexeme: 'g'
│   └── A_STATEMENT_LIST, Lexico Idx: -1, Decl Idx: -1
│   │   ├── A_FUNC_PROC_CALL_STATEMENT, Lexico Idx: 30, Decl Idx: 30 -- Lexeme: 'g'
+------------------------------------------------------------------------+


+----------------+
| Region 7 AST   |
+------------------------------------------------------------------------+
Root of the AST:
├── A_PROCEDURE_DECLARATION, Lexico Idx: 30, Decl Idx: 30 -- Lexeme: 'g'
│   ├── A_STATEMENT_LIST, Lexico Idx: -1, Decl Idx: -1
│   │   ├── A_FUNC_PROC_CALL_STATEMENT, Lexico Idx: 21, Decl Idx: 21 -- Lexeme: 'a'
+------------------------------------------------------------------------+


+----------------+
| Region 8 AST   |
+------------------------------------------------------------------------+
Root of the AST:
├── A_PROCEDURE_DECLARATION, Lexico Idx: 31, Decl Idx: 31 -- Lexeme: 'h'
│   ├── A_STATEMENT_LIST, Lexico Idx: -1, Decl Idx: -1
│   │   ├── A_FUNC_PROC_CALL_STATEMENT, Lexico Idx: 29, Decl Idx: 29 -- Lexeme: 'f'
+------------------------------------------------------------------------+


+----------------+
| Region 9 AST   |
+------------------------------------------------------------------------+
Root of the AST:
├── A_PROCEDURE_DECLARATION, Lexico Idx: 19, Decl Idx: 502 -- Lexeme: 'i'
│   ├── A_DECLARATION_LIST, Lexico Idx: -1, Decl Idx: -1
│   │   ├── A_VARIABLE_DECLARATION, Lexico Idx: 22, Decl Idx: 503 -- Lexeme: 'T'
│   └── A_STATEMENT_LIST, Lexico Idx: -1, Decl Idx: -1
│   │   ├── A_FUNC_PROC_CALL_STATEMENT, Lexico Idx: 28, Decl Idx: 28 -- Lexeme: 'e'
│   │   └── A_ASSIGNMENT_STATEMENT, Lexico Idx: -1, Decl Idx: -1
│   │   │   ├── A_VARIABLE_ASSIGNMENT, Lexico Idx: 22, Decl Idx: 503 -- Lexeme: 'T'
│   │   │   │   ├── A_IDENTIFIER, Lexico Idx: 20, Decl Idx: 20 -- Lexeme: 'j'
+------------------------------------------------------------------------+

