Verbose mode enabled. Printing tables and ast...

+----------------------------+
| Lexeme Table: 15 entries   |
+------------+----------------------+------------+------------+
| Index      | Lexeme               | Length     | Next       |
+------------+----------------------+------------+------------+
| 0          | int                  | 3          | -1         |
| 1          | float                | 5          | -1         |
| 2          | bool                 | 4          | -1         |
| 3          | char                 | 4          | -1         |
+------------+----------------------+------------+------------+
| 4          | a                    | 1          | 10         |
| 5          | jour                 | 4          | -1         |
| 6          | mois                 | 4          | 11         |
| 7          | annee                | 5          | -1         |
| 8          | my_struct            | 9          | -1         |
| 9          | 0                    | 1          | -1         |
| 10         | 10                   | 2          | -1         |
| 11         | x                    | 1          | -1         |
| 12         | e                    | 1          | -1         |
| 13         | 1                    | 1          | -1         |
| 14         | 3.14                 | 4          | -1         |
+------------+----------------------+------------+------------+

+--------------+
| Hash Table   |
+------------+----------------------+
| Hash       | Lexicographic Index  |
+------------+----------------------+
| 0          | 5                    |
| 1          | 10                   |
| 5          | 12                   |
| 6          | 14                   |
| 7          | 7                    |
| 10         | 8                    |
| 11         | 0                    |
| 12         | 2                    |
| 16         | 9                    |
| 17         | 13                   |
| 22         | 1                    |
| 24         | 11                   |
| 30         | 3                    |
+------------+----------------------+

+---------------------+
| Declaration Table   |
+------------+-----------------+------------+-----------------+-----------------+-----------------+
| Index      | Nature          | Suivant    | Région         | Description     | Exécution      |
+------------+-----------------+------------+-----------------+-----------------+-----------------+
| 0          | TYPE_BASE       | -1         | 0               | 0               | 1               |
| 1          | TYPE_BASE       | -1         | 0               | 1               | 1               |
| 2          | TYPE_BASE       | -1         | 0               | 2               | 1               |
| 3          | TYPE_BASE       | -1         | 0               | 3               | 1               |
+------------+-----------------+------------+-----------------+-----------------+-----------------+
| 4          | TYPE_STRUCT     | 500        | 0               | 0               | 3               |
| 8          | TYPE_ARRAY      | -1         | 0               | 10              | 6               |
| 11         | TYPE_PROC       | -1         | 0               | 14              | 1               |
| 12         | TYPE_VAR        | -1         | 1               | 4               | 3               |
+------------+-----------------+------------+-----------------+-----------------+-----------------+
+------------+-----------------+------------+-----------------+-----------------+-----------------+
| 500        | TYPE_PARAM      | -1         | 1               | 1               | 2               |
+------------+-----------------+------------+-----------------+-----------------+-----------------+

+------------------------+
| Representation Table   |
+------------+----------------------+
| Index      | Value                |
+------------+----------------------+
| 0          | 3                    |
| 1          | 5                    |
| 2          | 0                    |
| 3          | 0                    |
| 4          | 6                    |
| 5          | 0                    |
| 6          | 1                    |
| 7          | 7                    |
| 8          | 0                    |
| 9          | 2                    |
| 10         | 4                    |
| 11         | 1                    |
| 12         | 9                    |
| 13         | 10                   |
| 14         | 1                    |
| 15         | 4                    |
| 16         | 1                    |
+------------+----------------------+

+----------------+
| Region Table   |
+------------+------------+------------+------------+
| Index      | Size       | NIS        | AST        |
+------------+------------+------------+------------+
| 0          | 0          | 0          | -1         |
| 1          | 6          | 1          | -1         |
+------------+------------+------------+------------+

+----------------+
| Region 0 AST   |
+------------------------------------------------------------------------+
Root of the AST:
├── A_PROGRAM, Lexico Idx: -1, Decl Idx: -1
│   ├── A_DECLARATION_LIST, Lexico Idx: -1, Decl Idx: -1
│   │   ├── A_TYPE_STRUCT_DECLARATION, Lexico Idx: 4, Decl Idx: 4 -- Lexeme: 'a'
│   │   │   ├── A_STRUCT_FIELD_LIST, Lexico Idx: -1, Decl Idx: -1
│   │   │   │   ├── A_STRUCT_FIELD, Lexico Idx: 7, Decl Idx: 0 -- Lexeme: 'annee'
│   │   │   │   └── A_STRUCT_FIELD, Lexico Idx: 6, Decl Idx: 0 -- Lexeme: 'mois'
│   │   │   │   └── A_STRUCT_FIELD, Lexico Idx: 5, Decl Idx: 0 -- Lexeme: 'jour'
│   │   └── A_TYPE_ARRAY_DECLARATION, Lexico Idx: 8, Decl Idx: 8 -- Lexeme: 'my_struct'
│   │   └── A_PROCEDURE_DECLARATION, Lexico Idx: 11, Decl Idx: 11 -- Lexeme: 'x'
+------------------------------------------------------------------------+


+----------------+
| Region 1 AST   |
+------------------------------------------------------------------------+
Root of the AST:
├── A_PROCEDURE_DECLARATION, Lexico Idx: 11, Decl Idx: 11 -- Lexeme: 'x'
│   ├── A_PARAMETER_LIST, Lexico Idx: -1, Decl Idx: -1
│   │   ├── A_PARAMETER, Lexico Idx: 4, Decl Idx: 500 -- Lexeme: 'a'
│   └── A_DECLARATION_LIST, Lexico Idx: -1, Decl Idx: -1
│   │   ├── A_VARIABLE_DECLARATION, Lexico Idx: 12, Decl Idx: 12 -- Lexeme: 'e'
│   └── A_STATEMENT_LIST, Lexico Idx: -1, Decl Idx: -1
│   │   ├── A_ASSIGNMENT_STATEMENT, Lexico Idx: -1, Decl Idx: -1
│   │   │   ├── A_STRUCT_ASSIGNMENT, Lexico Idx: -1, Decl Idx: -1
│   │   │   │   ├── A_STRUCT_FIELD_ACCESS, Lexico Idx: 12, Decl Idx: 12 -- Lexeme: 'e'
│   │   │   │   │   ├── A_STRUCT_FIELD_ACCESS, Lexico Idx: 6, Decl Idx: -1 -- Lexeme: 'mois'
│   │   │   │   └── A_INTEGER_LITERAL, Lexico Idx: 13, Decl Idx: -1 -- Lexeme: '1'
│   │   └── A_ASSIGNMENT_STATEMENT, Lexico Idx: -1, Decl Idx: -1
│   │   │   ├── A_VARIABLE_ASSIGNMENT, Lexico Idx: 4, Decl Idx: 500 -- Lexeme: 'a'
│   │   │   │   ├── A_FLOAT_LITERAL, Lexico Idx: 14, Decl Idx: -1 -- Lexeme: '3.14'
+------------------------------------------------------------------------+

