[Semantic Error] Function expects 1 arguments at example/compilation/to-clean/valid/tdec-example.txt:41:4.
  However, only 0 arguments were provided.
  Ensure the correct number of arguments are passed to the function.

[Semantic Warning] Redefinition of variable 'p' at example/compilation/to-clean/valid/tdec-example.txt:31:26.
  This variable has already been defined in the current scope.
  Consider renaming or modifying the existing definition.

Verbose mode enabled. Printing tables and ast...

+----------------------------+
| Lexeme Table: 27 entries   |
+------------+----------------------+------------+------------+
| Index      | Lexeme               | Length     | Next       |
+------------+----------------------+------------+------------+
| 0          | int                  | 3          | -1         |
| 1          | float                | 5          | 9          |
| 2          | bool                 | 4          | -1         |
| 3          | char                 | 4          | 4          |
+------------+----------------------+------------+------------+
| 4          | date                 | 4          | -1         |
| 5          | jour                 | 4          | 25         |
| 6          | mois                 | 4          | -1         |
| 7          | annee                | 5          | -1         |
| 8          | personne             | 8          | 20         |
| 9          | numero               | 6          | -1         |
| 10         | naissance            | 9          | -1         |
| 11         | age                  | 3          | -1         |
| 12         | equipe               | 6          | 19         |
| 13         | 1                    | 1          | -1         |
| 14         | 3                    | 1          | -1         |
| 15         | 2                    | 1          | -1         |
| 16         | p                    | 1          | 26         |
| 17         | te                   | 2          | -1         |
| 18         | b                    | 1          | -1         |
| 19         | i                    | 1          | -1         |
| 20         | j                    | 1          | -1         |
| 21         | a                    | 1          | 23         |
| 22         | marwan               | 6          | -1         |
| 23         | 10                   | 2          | -1         |
| 24         | T                    | 1          | -1         |
| 25         | zero                 | 4          | -1         |
| 26         | 0                    | 1          | -1         |
+------------+----------------------+------------+------------+

+--------------+
| Hash Table   |
+------------+----------------------+
| Hash       | Lexicographic Index  |
+------------+----------------------+
| 0          | 25                   |
| 1          | 23                   |
| 2          | 18                   |
| 6          | 22                   |
| 7          | 7                    |
| 9          | 19                   |
| 10         | 20                   |
| 11         | 0                    |
| 12         | 2                    |
| 13         | 11                   |
| 16         | 26                   |
| 17         | 13                   |
| 18         | 15                   |
| 19         | 14                   |
| 20         | 24                   |
| 21         | 10                   |
| 22         | 9                    |
| 24         | 6                    |
| 25         | 17                   |
| 30         | 4                    |
+------------+----------------------+

+---------------------+
| Declaration Table   |
+------------+-----------------+------------+-----------------+-----------------+-----------------+
| Index      | Nature          | Suivant    | Région         | Description     | Exécution      |
+------------+-----------------+------------+-----------------+-----------------+-----------------+
| 0          | TYPE_BASE       | -1         | 0               | 0               | 1               |
| 1          | TYPE_BASE       | -1         | 0               | 1               | 1               |
| 2          | TYPE_BASE       | -1         | 0               | 2               | 1               |
| 3          | TYPE_BASE       | -1         | 0               | 3               | 1               |
+------------+-----------------+------------+-----------------+-----------------+-----------------+
| 4          | TYPE_STRUCT     | -1         | 0               | 0               | 3               |
| 8          | TYPE_STRUCT     | 500        | 0               | 10              | 5               |
| 12         | TYPE_ARRAY      | 502        | 0               | 20              | 30              |
| 16         | TYPE_VAR        | 503        | 0               | 8               | 0               |
| 17         | TYPE_VAR        | -1         | 0               | 12              | 5               |
| 18         | TYPE_VAR        | 501        | 0               | 2               | 35              |
| 19         | TYPE_VAR        | -1         | 0               | 1               | 36              |
| 20         | TYPE_VAR        | -1         | 0               | 0               | 37              |
| 21         | TYPE_PROC       | -1         | 0               | 26              | 1               |
| 22         | TYPE_PARAM      | -1         | 1               | 0               | 2               |
| 24         | TYPE_VAR        | -1         | 2               | 0               | 14              |
| 25         | TYPE_FUNC       | -1         | 0               | 40              | 3               |
+------------+-----------------+------------+-----------------+-----------------+-----------------+
+------------+-----------------+------------+-----------------+-----------------+-----------------+
| 500        | TYPE_ARRAY      | -1         | 1               | 29              | 11              |
| 501        | TYPE_PROC       | -1         | 1               | 33              | 2               |
| 502        | TYPE_ARRAY      | -1         | 2               | 34              | 6               |
| 503        | TYPE_VAR        | -1         | 2               | 500             | 3               |
+------------+-----------------+------------+-----------------+-----------------+-----------------+

+------------------------+
| Representation Table   |
+------------+----------------------+
| Index      | Value                |
+------------+----------------------+
| 0          | 3                    |
| 1          | 5                    |
| 2          | 0                    |
| 3          | 0                    |
| 4          | 6                    |
| 5          | 0                    |
| 6          | 1                    |
| 7          | 7                    |
| 8          | 1                    |
| 9          | 2                    |
| 10         | 3                    |
| 11         | 9                    |
| 12         | 0                    |
| 13         | 0                    |
| 14         | 10                   |
| 15         | 4                    |
| 16         | 1                    |
| 17         | 11                   |
| 18         | 0                    |
| 19         | 4                    |
| 20         | 8                    |
| 21         | 2                    |
| 22         | 13                   |
| 23         | 14                   |
| 24         | 13                   |
| 25         | 15                   |
| 26         | 1                    |
| 27         | 22                   |
| 28         | 0                    |
| 29         | 0                    |
| 30         | 1                    |
| 31         | 13                   |
| 32         | 23                   |
| 33         | 0                    |
| 34         | 0                    |
| 35         | 2                    |
| 36         | 13                   |
| 37         | 14                   |
| 38         | 13                   |
| 39         | 15                   |
| 40         | 0                    |
| 41         | 0                    |
+------------+----------------------+

+----------------+
| Region Table   |
+------------+------------+------------+------------+
| Index      | Size       | NIS        | AST        |
+------------+------------+------------+------------+
| 0          | 38         | 0          | -1         |
| 1          | 3          | 1          | -1         |
| 2          | 15         | 2          | -1         |
| 3          | 2          | 1          | -1         |
+------------+------------+------------+------------+

+----------------+
| Region 0 AST   |
+------------------------------------------------------------------------+
Root of the AST:
├── A_PROGRAM, Lexico Idx: -1, Decl Idx: -1
│   ├── A_DECLARATION_LIST, Lexico Idx: -1, Decl Idx: -1
│   │   ├── A_TYPE_STRUCT_DECLARATION, Lexico Idx: 4, Decl Idx: 4 -- Lexeme: 'date'
│   │   │   ├── A_STRUCT_FIELD_LIST, Lexico Idx: -1, Decl Idx: -1
│   │   │   │   ├── A_STRUCT_FIELD, Lexico Idx: 7, Decl Idx: 1 -- Lexeme: 'annee'
│   │   │   │   └── A_STRUCT_FIELD, Lexico Idx: 6, Decl Idx: 0 -- Lexeme: 'mois'
│   │   │   │   └── A_STRUCT_FIELD, Lexico Idx: 5, Decl Idx: 0 -- Lexeme: 'jour'
│   │   └── A_TYPE_STRUCT_DECLARATION, Lexico Idx: 8, Decl Idx: 8 -- Lexeme: 'personne'
│   │   │   ├── A_STRUCT_FIELD_LIST, Lexico Idx: -1, Decl Idx: -1
│   │   │   │   ├── A_STRUCT_FIELD, Lexico Idx: 11, Decl Idx: 0 -- Lexeme: 'age'
│   │   │   │   └── A_STRUCT_FIELD, Lexico Idx: 10, Decl Idx: 4 -- Lexeme: 'naissance'
│   │   │   │   └── A_STRUCT_FIELD, Lexico Idx: 9, Decl Idx: 0 -- Lexeme: 'numero'
│   │   └── A_TYPE_ARRAY_DECLARATION, Lexico Idx: 12, Decl Idx: 12 -- Lexeme: 'equipe'
│   │   └── A_VARIABLE_DECLARATION, Lexico Idx: 16, Decl Idx: 16 -- Lexeme: 'p'
│   │   └── A_VARIABLE_DECLARATION, Lexico Idx: 17, Decl Idx: 17 -- Lexeme: 'te'
│   │   └── A_VARIABLE_DECLARATION, Lexico Idx: 18, Decl Idx: 18 -- Lexeme: 'b'
│   │   └── A_VARIABLE_DECLARATION, Lexico Idx: 19, Decl Idx: 19 -- Lexeme: 'i'
│   │   └── A_VARIABLE_DECLARATION, Lexico Idx: 20, Decl Idx: 20 -- Lexeme: 'j'
│   │   └── A_PROCEDURE_DECLARATION, Lexico Idx: 21, Decl Idx: 21 -- Lexeme: 'a'
│   │   └── A_FUNCTION_DECLARATION, Lexico Idx: 25, Decl Idx: 25 -- Lexeme: 'zero'
│   └── A_STATEMENT_LIST, Lexico Idx: -1, Decl Idx: -1
│   │   ├── A_FUNC_PROC_CALL_STATEMENT, Lexico Idx: 21, Decl Idx: 21 -- Lexeme: 'a'
+------------------------------------------------------------------------+


+----------------+
| Region 1 AST   |
+------------------------------------------------------------------------+
Root of the AST:
├── A_PROCEDURE_DECLARATION, Lexico Idx: 21, Decl Idx: 21 -- Lexeme: 'a'
│   ├── A_PARAMETER_LIST, Lexico Idx: -1, Decl Idx: -1
│   │   ├── A_PARAMETER, Lexico Idx: 22, Decl Idx: 22 -- Lexeme: 'marwan'
│   └── A_DECLARATION_LIST, Lexico Idx: -1, Decl Idx: -1
│   │   ├── A_TYPE_ARRAY_DECLARATION, Lexico Idx: 8, Decl Idx: 500 -- Lexeme: 'personne'
│   │   └── A_PROCEDURE_DECLARATION, Lexico Idx: 18, Decl Idx: 501 -- Lexeme: 'b'
+------------------------------------------------------------------------+


+----------------+
| Region 2 AST   |
+------------------------------------------------------------------------+
Root of the AST:
├── A_PROCEDURE_DECLARATION, Lexico Idx: 18, Decl Idx: 501 -- Lexeme: 'b'
│   ├── A_DECLARATION_LIST, Lexico Idx: -1, Decl Idx: -1
│   │   ├── A_TYPE_ARRAY_DECLARATION, Lexico Idx: 12, Decl Idx: 502 -- Lexeme: 'equipe'
│   │   └── A_VARIABLE_DECLARATION, Lexico Idx: 16, Decl Idx: 503 -- Lexeme: 'p'
│   │   └── A_VARIABLE_DECLARATION, Lexico Idx: 24, Decl Idx: 24 -- Lexeme: 'T'
+------------------------------------------------------------------------+


+----------------+
| Region 3 AST   |
+------------------------------------------------------------------------+
Root of the AST:
├── A_FUNCTION_DECLARATION, Lexico Idx: 25, Decl Idx: 25 -- Lexeme: 'zero'
│   ├── A_RETURN_STATEMENT, Lexico Idx: -1, Decl Idx: -1
│   │   ├── A_INTEGER_LITERAL, Lexico Idx: 26, Decl Idx: -1 -- Lexeme: '0'
+------------------------------------------------------------------------+

