[Semantic Error] Redefinition of function 'x' at example/compilation/to-clean/valid/test.txt:9:11.
  This identifier 'x' has already been defined.
  Consider renaming or modifying the existing definition.

Verbose mode enabled. Printing tables and ast...

+----------------------------+
| Lexeme Table: 10 entries   |
+------------+----------------------+------------+------------+
| Index      | Lexeme               | Length     | Next       |
+------------+----------------------+------------+------------+
| 0          | int                  | 3          | -1         |
| 1          | float                | 5          | -1         |
| 2          | bool                 | 4          | -1         |
| 3          | char                 | 4          | -1         |
+------------+----------------------+------------+------------+
| 4          | p3                   | 2          | 5          |
| 5          | c                    | 1          | -1         |
| 6          | x                    | 1          | -1         |
| 7          | 0                    | 1          | -1         |
| 8          | 3.14                 | 4          | 9          |
| 9          | 42                   | 2          | -1         |
+------------+----------------------+------------+------------+

+--------------+
| Hash Table   |
+------------+----------------------+
| Hash       | Lexicographic Index  |
+------------+----------------------+
| 3          | 5                    |
| 6          | 9                    |
| 11         | 0                    |
| 12         | 2                    |
| 16         | 7                    |
| 22         | 1                    |
| 24         | 6                    |
| 30         | 3                    |
+------------+----------------------+

+---------------------+
| Declaration Table   |
+------------+-----------------+------------+-----------------+-----------------+-----------------+
| Index      | Nature          | Suivant    | Région         | Description     | Exécution      |
+------------+-----------------+------------+-----------------+-----------------+-----------------+
| 0          | TYPE_BASE       | -1         | 0               | 0               | 1               |
| 1          | TYPE_BASE       | -1         | 0               | 1               | 1               |
| 2          | TYPE_BASE       | -1         | 0               | 2               | 1               |
| 3          | TYPE_BASE       | -1         | 0               | 3               | 1               |
+------------+-----------------+------------+-----------------+-----------------+-----------------+
| 4          | TYPE_PROC       | -1         | 0               | 0               | 1               |
| 5          | TYPE_PARAM      | 502        | 1               | 0               | 2               |
| 6          | TYPE_VAR        | 500        | 1               | 0               | 3               |
+------------+-----------------+------------+-----------------+-----------------+-----------------+
+------------+-----------------+------------+-----------------+-----------------+-----------------+
| 500        | TYPE_PROC       | 501        | 1               | 3               | 2               |
| 501        | TYPE_FUNC       | -1         | 1               | 4               | 3               |
| 502        | TYPE_PARAM      | -1         | 3               | 1               | 3               |
+------------+-----------------+------------+-----------------+-----------------+-----------------+

+------------------------+
| Representation Table   |
+------------+----------------------+
| Index      | Value                |
+------------+----------------------+
| 0          | 1                    |
| 1          | 5                    |
| 2          | 0                    |
| 3          | 0                    |
| 4          | 0                    |
| 5          | 1                    |
| 6          | 5                    |
| 7          | 1                    |
+------------+----------------------+

+----------------+
| Region Table   |
+------------+------------+------------+------------+
| Index      | Size       | NIS        | AST        |
+------------+------------+------------+------------+
| 0          | 0          | 0          | -1         |
| 1          | 4          | 1          | -1         |
| 2          | 3          | 2          | -1         |
| 3          | 4          | 2          | -1         |
+------------+------------+------------+------------+

+----------------+
| Region 0 AST   |
+------------------------------------------------------------------------+
Root of the AST:
├── A_PROGRAM, Lexico Idx: -1, Decl Idx: -1
│   ├── A_DECLARATION_LIST, Lexico Idx: -1, Decl Idx: -1
│   │   ├── A_PROCEDURE_DECLARATION, Lexico Idx: 4, Decl Idx: 4 -- Lexeme: 'p3'
│   └── A_STATEMENT_LIST, Lexico Idx: -1, Decl Idx: -1
│   │   ├── A_FUNC_PROC_CALL_STATEMENT, Lexico Idx: 4, Decl Idx: 4 -- Lexeme: 'p3'
│   │   │   ├── A_ARGUMENT_LIST, Lexico Idx: -1, Decl Idx: -1
│   │   │   │   ├── A_ARGUMENT, Lexico Idx: -1, Decl Idx: -1
│   │   │   │   │   ├── A_INTEGER_LITERAL, Lexico Idx: 9, Decl Idx: -1 -- Lexeme: '42'
+------------------------------------------------------------------------+


+----------------+
| Region 1 AST   |
+------------------------------------------------------------------------+
Root of the AST:
├── A_PROCEDURE_DECLARATION, Lexico Idx: 4, Decl Idx: 4 -- Lexeme: 'p3'
│   ├── A_PARAMETER_LIST, Lexico Idx: -1, Decl Idx: -1
│   │   ├── A_PARAMETER, Lexico Idx: 5, Decl Idx: 5 -- Lexeme: 'c'
│   └── A_DECLARATION_LIST, Lexico Idx: -1, Decl Idx: -1
│   │   ├── A_VARIABLE_DECLARATION, Lexico Idx: 6, Decl Idx: 6 -- Lexeme: 'x'
│   │   └── A_PROCEDURE_DECLARATION, Lexico Idx: 6, Decl Idx: 500 -- Lexeme: 'x'
│   │   └── A_FUNCTION_DECLARATION, Lexico Idx: 6, Decl Idx: 501 -- Lexeme: 'x'
│   └── A_STATEMENT_LIST, Lexico Idx: -1, Decl Idx: -1
│   │   ├── A_ASSIGNMENT_STATEMENT, Lexico Idx: -1, Decl Idx: -1
│   │   │   ├── A_VARIABLE_ASSIGNMENT, Lexico Idx: 5, Decl Idx: 5 -- Lexeme: 'c'
│   │   │   │   ├── A_FUNC_PROC_CALL_STATEMENT, Lexico Idx: 6, Decl Idx: 501 -- Lexeme: 'x'
│   │   │   │   │   ├── A_ARGUMENT_LIST, Lexico Idx: -1, Decl Idx: -1
│   │   │   │   │   │   ├── A_ARGUMENT, Lexico Idx: -1, Decl Idx: -1
│   │   │   │   │   │   │   ├── A_FLOAT_LITERAL, Lexico Idx: 8, Decl Idx: -1 -- Lexeme: '3.14'
+------------------------------------------------------------------------+


+----------------+
| Region 2 AST   |
+------------------------------------------------------------------------+
Root of the AST:
├── A_PROCEDURE_DECLARATION, Lexico Idx: 6, Decl Idx: 500 -- Lexeme: 'x'
+------------------------------------------------------------------------+


+----------------+
| Region 3 AST   |
+------------------------------------------------------------------------+
Root of the AST:
├── A_FUNCTION_DECLARATION, Lexico Idx: 6, Decl Idx: 501 -- Lexeme: 'x'
│   ├── A_PARAMETER_LIST, Lexico Idx: -1, Decl Idx: -1
│   │   ├── A_PARAMETER, Lexico Idx: 5, Decl Idx: 502 -- Lexeme: 'c'
│   └── A_RETURN_STATEMENT, Lexico Idx: -1, Decl Idx: -1
│   │   ├── A_INTEGER_LITERAL, Lexico Idx: 7, Decl Idx: -1 -- Lexeme: '0'
+------------------------------------------------------------------------+

